npm notice run @en-reve/tokens@0.1.0 build
npm notice run node ../../node_modules/typescript/bin/tsc -p tsconfig.json && node scripts/generate.mjs
npm notice run @en-reve/styles@0.1.0 build
npm notice run node scripts/author-css.mjs && node ../../node_modules/typescript/bin/tsc -p tsconfig.json && node scripts/export-css.mjs
npm notice run @en-reve/primitives@0.1.0 build
npm notice run node ../../node_modules/typescript/bin/tsc -b
npm notice run @en-reve/elements@0.1.0 build
npm notice run node ../../tooling/metadata/lazy-manifest.ts && node ../../node_modules/typescript/bin/tsc -b
Lazy manifest: 96 canonical definitions and delivery metadata.

added 42 packages in 2s
npm warn install-scripts 1 package had install scripts blocked because they are not covered by allowScripts:
npm warn install-scripts   fsevents@2.3.3 (install: (install scripts present))
npm warn install-scripts
npm warn install-scripts Run `npm install-scripts ls` to review, or `npm install-scripts approve <pkg>` to allow.
npm notice run showcase-en-reve@0.0.0 build
npm notice run vite build
vite v8.3.1 building client environment for production...
transforming...
✓ 349 modules transformed.
rendering chunks...
computing gzip size...
dist/index.html                   0.35 kB │ gzip:   0.26 kB
dist/build-metadata.json          0.79 kB │ gzip:   0.42 kB
dist/assets/index-CDV5OawH.css   44.56 kB │ gzip:   7.03 kB
dist/assets/index-C9eq-f9b.js   455.72 kB │ gzip: 113.46 kB │ map: 1,265.32 kB

✓ built in 291ms
Built current-en-reve without changing the native baseline vendor files. Qualify this candidate before profiling.
