fluent-web-components journey initial nodes=2887 date=28
fluent-web-components journey after-journey nodes=2889 date=28
spectrum-web-components journey initial nodes=4075 date=3
spectrum-web-components journey after-journey nodes=4077 date=3
en-reve journey initial nodes=4642 date=623
en-reve journey after-journey nodes=4643 date=623
fluent-web-components journey initial nodes=2887 date=28
fluent-web-components journey after-journey nodes=2889 date=28
spectrum-web-components journey initial nodes=4075 date=3
spectrum-web-components journey after-journey nodes=4077 date=3
en-reve journey initial nodes=4642 date=623
en-reve journey after-journey nodes=4643 date=623
fluent-web-components journey initial nodes=2887 date=28
fluent-web-components journey after-journey nodes=2889 date=28
spectrum-web-components journey initial nodes=4075 date=3
spectrum-web-components journey after-journey nodes=4077 date=3
en-reve journey initial nodes=4642 date=623
en-reve journey after-journey nodes=4643 date=623
en-reve date initial nodes=4642 date=623
en-reve date date-open nodes=4642 date=623
en-reve date date-closed nodes=4642 date=623
en-reve date initial nodes=4642 date=623
en-reve date date-open nodes=4642 date=623
en-reve date date-closed nodes=4642 date=623
en-reve date initial nodes=4642 date=623
en-reve date date-open nodes=4642 date=623
en-reve date date-closed nodes=4642 date=623
fluent-web-components initial-only initial nodes=2887 date=28
spectrum-web-components initial-only initial nodes=4075 date=3
en-reve initial-only initial nodes=4642 date=623
{
  "directory": "/Users/westbrook/Documents/repos/design-system/showcases/performance/runs/spectrum-gen2-dom-v1",
  "snapshots": 30,
  "failures": 0
}

[
  [ 'fluent-web-components', 2887 ],
  [ 'spectrum-web-components', 4075 ],
  [ 'en-reve', 4642 ]
]
/Users/westbrook/Documents/repos/design-system/showcases/performance/runs/spectrum-gen2-diagnostic-v1/diagnostics-summary.json
{
  "status": "complete",
  "coverageIssues": [],
  "tables": 55,
  "rows": 251,
  "domStatus": "30 successful / 0 failed snapshots",
  "standalone": "/Users/westbrook/Documents/repos/design-system/plans/native-showcase-spectrum-gen2-results.md",
  "integrated": false
}

