00001/383 load main-be47f046-20261001-v1-calendar-deferred desktop cold ok 104 
00002/383 load main-be47f046-20261001-v1-calendar-split desktop cold ok 96 
00003/383 load main-be47f046-20261001-v1-calendar-eager desktop cold ok 104 
00004/383 load main-be47f046-20261001-v1-calendar-split desktop cold ok 104 
00005/383 load main-be47f046-20261001-v1-calendar-deferred desktop cold ok 120 
00006/383 load main-be47f046-20261001-v1-calendar-eager desktop cold ok 104 
00007/383 load main-be47f046-20261001-v1-calendar-split desktop cold ok 112 
00008/383 load main-be47f046-20261001-v1-calendar-eager desktop cold ok 104 
00009/383 load main-be47f046-20261001-v1-calendar-deferred desktop cold ok 260 
00010/383 load main-be47f046-20261001-v1-calendar-deferred desktop cold ok 112 
00011/383 load main-be47f046-20261001-v1-calendar-eager desktop cold ok 104 
00012/383 load main-be47f046-20261001-v1-calendar-split desktop cold ok 260 
00013/383 load main-be47f046-20261001-v1-calendar-eager desktop cold ok 104 
00014/383 load main-be47f046-20261001-v1-calendar-deferred desktop cold ok 108 
00015/383 load main-be47f046-20261001-v1-calendar-split desktop cold ok 100 
00016/383 load main-be47f046-20261001-v1-calendar-deferred desktop cold ok 100 
00017/383 load main-be47f046-20261001-v1-calendar-split desktop cold ok 108 
00018/383 load main-be47f046-20261001-v1-calendar-eager desktop cold ok 100 
00019/383 load main-be47f046-20261001-v1-calendar-deferred desktop cold ok 96 
00020/383 load main-be47f046-20261001-v1-calendar-split desktop cold ok 96 
00021/383 load main-be47f046-20261001-v1-calendar-eager desktop cold ok 116 
00022/383 load main-be47f046-20261001-v1-calendar-split desktop cold ok 108 
00023/383 load main-be47f046-20261001-v1-calendar-eager desktop cold ok 100 
00024/383 load main-be47f046-20261001-v1-calendar-deferred desktop cold ok 112 
00025/383 load main-be47f046-20261001-v1-calendar-deferred desktop cold ok 108 
00026/383 load main-be47f046-20261001-v1-calendar-split desktop cold ok 96 
00027/383 load main-be47f046-20261001-v1-calendar-eager desktop cold ok 108 
00028/383 load main-be47f046-20261001-v1-calendar-eager desktop cold ok 120 
00029/383 load main-be47f046-20261001-v1-calendar-deferred desktop cold ok 104 
00030/383 load main-be47f046-20261001-v1-calendar-split desktop cold ok 100 
00031/383 load main-be47f046-20261001-v1-calendar-deferred desktop warm ok 44 
00032/383 load main-be47f046-20261001-v1-calendar-eager desktop warm ok 48 
00033/383 load main-be47f046-20261001-v1-calendar-split desktop warm ok 44 
00034/383 load main-be47f046-20261001-v1-calendar-eager desktop warm ok 48 
00035/383 load main-be47f046-20261001-v1-calendar-deferred desktop warm ok 44 
00036/383 load main-be47f046-20261001-v1-calendar-split desktop warm ok 44 
00037/383 load main-be47f046-20261001-v1-calendar-split desktop warm ok 44 
00038/383 load main-be47f046-20261001-v1-calendar-eager desktop warm ok 48 
00039/383 load main-be47f046-20261001-v1-calendar-deferred desktop warm ok 44 
00040/383 load main-be47f046-20261001-v1-calendar-deferred desktop warm ok 44 
00041/383 load main-be47f046-20261001-v1-calendar-eager desktop warm ok 48 
00042/383 load main-be47f046-20261001-v1-calendar-split desktop warm ok 44 
00043/383 load main-be47f046-20261001-v1-calendar-eager desktop warm ok 48 
00044/383 load main-be47f046-20261001-v1-calendar-deferred desktop warm ok 44 
00045/383 load main-be47f046-20261001-v1-calendar-split desktop warm ok 44 
00046/383 load main-be47f046-20261001-v1-calendar-split desktop warm ok 44 
00047/383 load main-be47f046-20261001-v1-calendar-eager desktop warm ok 48 
00048/383 load main-be47f046-20261001-v1-calendar-deferred desktop warm ok 44 
00049/383 load main-be47f046-20261001-v1-calendar-split desktop warm ok 44 
00050/383 load main-be47f046-20261001-v1-calendar-deferred desktop warm ok 48 
00051/383 load main-be47f046-20261001-v1-calendar-eager desktop warm ok 48 
00052/383 load main-be47f046-20261001-v1-calendar-split desktop warm ok 48 
00053/383 load main-be47f046-20261001-v1-calendar-eager desktop warm ok 56 
00054/383 load main-be47f046-20261001-v1-calendar-deferred desktop warm ok 44 
00055/383 load main-be47f046-20261001-v1-calendar-eager desktop warm ok 48 
00056/383 load main-be47f046-20261001-v1-calendar-split desktop warm ok 48 
00057/383 load main-be47f046-20261001-v1-calendar-deferred desktop warm ok 48 
00058/383 load main-be47f046-20261001-v1-calendar-deferred desktop warm ok 44 
00059/383 load main-be47f046-20261001-v1-calendar-eager desktop warm ok 48 
00060/383 load main-be47f046-20261001-v1-calendar-split desktop warm ok 48 
00061/383 load main-be47f046-20261001-v1-calendar-split mobile cold ok 664 
00062/383 load main-be47f046-20261001-v1-calendar-eager mobile cold ok 688 
00063/383 load main-be47f046-20261001-v1-calendar-deferred mobile cold ok 668 
00064/383 load main-be47f046-20261001-v1-calendar-eager mobile cold ok 684 
00065/383 load main-be47f046-20261001-v1-calendar-deferred mobile cold ok 668 
00066/383 load main-be47f046-20261001-v1-calendar-split mobile cold ok 664 
00067/383 load main-be47f046-20261001-v1-calendar-deferred mobile cold ok 664 
00068/383 load main-be47f046-20261001-v1-calendar-split mobile cold ok 680 
00069/383 load main-be47f046-20261001-v1-calendar-eager mobile cold ok 680 
00070/383 load main-be47f046-20261001-v1-calendar-split mobile cold ok 620 
00071/383 load main-be47f046-20261001-v1-calendar-deferred mobile cold ok 624 
00072/383 load main-be47f046-20261001-v1-calendar-eager mobile cold ok 652 
00073/383 load main-be47f046-20261001-v1-calendar-eager mobile cold ok 672 
00074/383 load main-be47f046-20261001-v1-calendar-deferred mobile cold ok 872 
00075/383 load main-be47f046-20261001-v1-calendar-split mobile cold ok 680 
00076/383 load main-be47f046-20261001-v1-calendar-eager mobile cold ok 892 
00077/383 load main-be47f046-20261001-v1-calendar-deferred mobile cold ok 804 
00078/383 load main-be47f046-20261001-v1-calendar-split mobile cold ok 688 
00079/383 load main-be47f046-20261001-v1-calendar-eager mobile cold ok 660 
00080/383 load main-be47f046-20261001-v1-calendar-split mobile cold ok 820 
00081/383 load main-be47f046-20261001-v1-calendar-deferred mobile cold ok 664 
00082/383 load main-be47f046-20261001-v1-calendar-eager mobile cold ok 680 
00083/383 load main-be47f046-20261001-v1-calendar-deferred mobile cold ok 676 
00084/383 load main-be47f046-20261001-v1-calendar-split mobile cold ok 652 
00085/383 load main-be47f046-20261001-v1-calendar-eager mobile cold ok 660 
00086/383 load main-be47f046-20261001-v1-calendar-deferred mobile cold ok 632 
00087/383 load main-be47f046-20261001-v1-calendar-split mobile cold ok 644 
00088/383 load main-be47f046-20261001-v1-calendar-split mobile cold ok 636 
00089/383 load main-be47f046-20261001-v1-calendar-eager mobile cold ok 672 
00090/383 load main-be47f046-20261001-v1-calendar-deferred mobile cold ok 632 
00091/383 load main-be47f046-20261001-v1-calendar-split mobile warm ok 296 
00092/383 load main-be47f046-20261001-v1-calendar-eager mobile warm ok 304 
00093/383 load main-be47f046-20261001-v1-calendar-deferred mobile warm ok 296 
00094/383 load main-be47f046-20261001-v1-calendar-deferred mobile warm ok 300 
00095/383 load main-be47f046-20261001-v1-calendar-eager mobile warm ok 320 
00096/383 load main-be47f046-20261001-v1-calendar-split mobile warm ok 292 
00097/383 load main-be47f046-20261001-v1-calendar-split mobile warm ok 300 
00098/383 load main-be47f046-20261001-v1-calendar-deferred mobile warm ok 292 
00099/383 load main-be47f046-20261001-v1-calendar-eager mobile warm ok 300 
00100/383 load main-be47f046-20261001-v1-calendar-eager mobile warm ok 304 
00101/383 load main-be47f046-20261001-v1-calendar-split mobile warm ok 304 
00102/383 load main-be47f046-20261001-v1-calendar-deferred mobile warm ok 320 
00103/383 load main-be47f046-20261001-v1-calendar-split mobile warm ok 300 
00104/383 load main-be47f046-20261001-v1-calendar-deferred mobile warm ok 296 
00105/383 load main-be47f046-20261001-v1-calendar-eager mobile warm ok 372 
00106/383 load main-be47f046-20261001-v1-calendar-split mobile warm ok 292 
00107/383 load main-be47f046-20261001-v1-calendar-eager mobile warm ok 300 
00108/383 load main-be47f046-20261001-v1-calendar-deferred mobile warm ok 292 
00109/383 load main-be47f046-20261001-v1-calendar-split mobile warm ok 304 
00110/383 load main-be47f046-20261001-v1-calendar-deferred mobile warm ok 304 
00111/383 load main-be47f046-20261001-v1-calendar-eager mobile warm ok 308 
00112/383 load main-be47f046-20261001-v1-calendar-eager mobile warm ok 304 
00113/383 load main-be47f046-20261001-v1-calendar-deferred mobile warm ok 308 
00114/383 load main-be47f046-20261001-v1-calendar-split mobile warm ok 300 
00115/383 load main-be47f046-20261001-v1-calendar-eager mobile warm ok 308 
00116/383 load main-be47f046-20261001-v1-calendar-split mobile warm ok 288 
00117/383 load main-be47f046-20261001-v1-calendar-deferred mobile warm ok 300 
00118/383 load main-be47f046-20261001-v1-calendar-eager mobile warm ok 320 
00119/383 load main-be47f046-20261001-v1-calendar-split mobile warm ok 292 
00120/383 load main-be47f046-20261001-v1-calendar-deferred mobile warm ok 292 
00121/383 startup main-be47f046-20261001-v1-calendar-split desktop cold ok  
00122/383 startup main-be47f046-20261001-v1-calendar-eager desktop cold ok  
00123/383 startup main-be47f046-20261001-v1-calendar-deferred desktop cold ok  
00124/383 startup main-be47f046-20261001-v1-calendar-deferred desktop cold ok  
00125/383 startup main-be47f046-20261001-v1-calendar-eager desktop cold ok  
00126/383 startup main-be47f046-20261001-v1-calendar-split desktop cold ok  
00127/383 startup main-be47f046-20261001-v1-calendar-deferred desktop cold ok  
00128/383 startup main-be47f046-20261001-v1-calendar-eager desktop cold ok  
00129/383 startup main-be47f046-20261001-v1-calendar-split desktop cold ok  
00130/383 startup main-be47f046-20261001-v1-calendar-eager desktop cold ok  
00131/383 startup main-be47f046-20261001-v1-calendar-split desktop cold ok  
00132/383 startup main-be47f046-20261001-v1-calendar-deferred desktop cold ok  
00133/383 startup main-be47f046-20261001-v1-calendar-deferred desktop cold ok  
00134/383 startup main-be47f046-20261001-v1-calendar-eager desktop cold ok  
00135/383 startup main-be47f046-20261001-v1-calendar-split desktop cold ok  
00136/383 startup main-be47f046-20261001-v1-calendar-eager desktop cold ok  
00137/383 startup main-be47f046-20261001-v1-calendar-split desktop cold ok  
00138/383 startup main-be47f046-20261001-v1-calendar-deferred desktop cold ok  
00139/383 startup main-be47f046-20261001-v1-calendar-split desktop cold ok  
00140/383 startup main-be47f046-20261001-v1-calendar-deferred desktop cold ok  
00141/383 startup main-be47f046-20261001-v1-calendar-eager desktop cold ok  
00142/383 startup main-be47f046-20261001-v1-calendar-eager desktop cold ok  
00143/383 startup main-be47f046-20261001-v1-calendar-split desktop cold ok  
00144/383 startup main-be47f046-20261001-v1-calendar-deferred desktop cold ok  
00145/383 startup main-be47f046-20261001-v1-calendar-deferred desktop cold ok  
00146/383 startup main-be47f046-20261001-v1-calendar-eager desktop cold ok  
00147/383 startup main-be47f046-20261001-v1-calendar-split desktop cold ok  
00148/383 startup main-be47f046-20261001-v1-calendar-split desktop cold ok  
00149/383 startup main-be47f046-20261001-v1-calendar-deferred desktop cold ok  
00150/383 startup main-be47f046-20261001-v1-calendar-eager desktop cold ok  
00151/383 interactions main-be47f046-20261001-v1-calendar-split desktop cold ok 96 
00152/383 interactions main-be47f046-20261001-v1-calendar-deferred desktop cold ok 100 
00153/383 interactions main-be47f046-20261001-v1-calendar-eager desktop cold ok 264 
00154/383 interactions main-be47f046-20261001-v1-calendar-split desktop cold ok 96 
00155/383 interactions main-be47f046-20261001-v1-calendar-deferred desktop cold ok 96 
00156/383 interactions main-be47f046-20261001-v1-calendar-eager desktop cold ok 100 
00157/383 interactions main-be47f046-20261001-v1-calendar-split desktop cold ok 100 
00158/383 interactions main-be47f046-20261001-v1-calendar-deferred desktop cold ok 104 
00159/383 interactions main-be47f046-20261001-v1-calendar-eager desktop cold ok 112 
00160/383 interactions main-be47f046-20261001-v1-calendar-deferred desktop cold ok 100 
00161/383 interactions main-be47f046-20261001-v1-calendar-split desktop cold ok 104 
00162/383 interactions main-be47f046-20261001-v1-calendar-eager desktop cold ok 108 
00163/383 interactions main-be47f046-20261001-v1-calendar-eager desktop cold ok 108 
00164/383 interactions main-be47f046-20261001-v1-calendar-deferred desktop cold ok 104 
00165/383 interactions main-be47f046-20261001-v1-calendar-split desktop cold ok 96 
00166/383 interactions main-be47f046-20261001-v1-calendar-deferred desktop cold ok 100 
00167/383 interactions main-be47f046-20261001-v1-calendar-eager desktop cold ok 108 
00168/383 interactions main-be47f046-20261001-v1-calendar-split desktop cold ok 104 
00169/383 interactions main-be47f046-20261001-v1-calendar-split desktop cold ok 100 
00170/383 interactions main-be47f046-20261001-v1-calendar-deferred desktop cold ok 96 
00171/383 interactions main-be47f046-20261001-v1-calendar-eager desktop cold ok 104 
00172/383 interactions main-be47f046-20261001-v1-calendar-split desktop cold ok 100 
00173/383 interactions main-be47f046-20261001-v1-calendar-deferred desktop cold ok 100 
00174/383 interactions main-be47f046-20261001-v1-calendar-eager desktop cold ok 100 
00175/383 interactions main-be47f046-20261001-v1-calendar-deferred desktop cold ok 92 
00176/383 interactions main-be47f046-20261001-v1-calendar-split desktop cold ok 100 
00177/383 interactions main-be47f046-20261001-v1-calendar-eager desktop cold ok 116 
00178/383 interactions main-be47f046-20261001-v1-calendar-eager desktop cold ok 104 
00179/383 interactions main-be47f046-20261001-v1-calendar-split desktop cold ok 96 
00180/383 interactions main-be47f046-20261001-v1-calendar-deferred desktop cold ok 100 
00181/383 startup main-be47f046-20261001-v1-calendar-eager mobile cold ok  
00182/383 startup main-be47f046-20261001-v1-calendar-split mobile cold ok  
00183/383 startup main-be47f046-20261001-v1-calendar-deferred mobile cold ok  
00184/383 startup main-be47f046-20261001-v1-calendar-deferred mobile cold ok  
00185/383 startup main-be47f046-20261001-v1-calendar-split mobile cold ok  
00186/383 startup main-be47f046-20261001-v1-calendar-eager mobile cold ok  
00187/383 startup main-be47f046-20261001-v1-calendar-deferred mobile cold ok  
00188/383 startup main-be47f046-20261001-v1-calendar-split mobile cold ok  
00189/383 startup main-be47f046-20261001-v1-calendar-eager mobile cold ok  
00190/383 startup main-be47f046-20261001-v1-calendar-deferred mobile cold ok  
00191/383 startup main-be47f046-20261001-v1-calendar-eager mobile cold ok  
00192/383 startup main-be47f046-20261001-v1-calendar-split mobile cold ok  
00193/383 startup main-be47f046-20261001-v1-calendar-deferred mobile cold ok  
00194/383 startup main-be47f046-20261001-v1-calendar-split mobile cold ok  
00195/383 startup main-be47f046-20261001-v1-calendar-eager mobile cold ok  
00196/383 startup main-be47f046-20261001-v1-calendar-eager mobile cold ok  
00197/383 startup main-be47f046-20261001-v1-calendar-split mobile cold ok  
00198/383 startup main-be47f046-20261001-v1-calendar-deferred mobile cold ok  
00199/383 startup main-be47f046-20261001-v1-calendar-deferred mobile cold ok  
00200/383 startup main-be47f046-20261001-v1-calendar-eager mobile cold ok  
00201/383 startup main-be47f046-20261001-v1-calendar-split mobile cold ok  
00202/383 startup main-be47f046-20261001-v1-calendar-eager mobile cold ok  
00203/383 startup main-be47f046-20261001-v1-calendar-split mobile cold ok  
00204/383 startup main-be47f046-20261001-v1-calendar-deferred mobile cold ok  
00205/383 startup main-be47f046-20261001-v1-calendar-eager mobile cold ok  
00206/383 startup main-be47f046-20261001-v1-calendar-split mobile cold ok  
00207/383 startup main-be47f046-20261001-v1-calendar-deferred mobile cold ok  
00208/383 startup main-be47f046-20261001-v1-calendar-deferred mobile cold ok  
00209/383 startup main-be47f046-20261001-v1-calendar-eager mobile cold ok  
00210/383 startup main-be47f046-20261001-v1-calendar-split mobile cold ok  
00211/383 interactions main-be47f046-20261001-v1-calendar-split mobile cold ok 656 
00212/383 interactions main-be47f046-20261001-v1-calendar-deferred mobile cold ok 616 
00213/383 interactions main-be47f046-20261001-v1-calendar-eager mobile cold ok 652 
00214/383 interactions main-be47f046-20261001-v1-calendar-deferred mobile cold ok 648 
00215/383 interactions main-be47f046-20261001-v1-calendar-eager mobile cold ok 640 
00216/383 interactions main-be47f046-20261001-v1-calendar-split mobile cold ok 648 
00217/383 interactions main-be47f046-20261001-v1-calendar-deferred mobile cold ok 656 
00218/383 interactions main-be47f046-20261001-v1-calendar-eager mobile cold ok 680 
00219/383 interactions main-be47f046-20261001-v1-calendar-split mobile cold ok 640 
00220/383 interactions main-be47f046-20261001-v1-calendar-deferred mobile cold ok 636 
00221/383 interactions main-be47f046-20261001-v1-calendar-split mobile cold ok 632 
00222/383 interactions main-be47f046-20261001-v1-calendar-eager mobile cold ok 644 
00223/383 interactions main-be47f046-20261001-v1-calendar-split mobile cold ok 624 
00224/383 interactions main-be47f046-20261001-v1-calendar-deferred mobile cold ok 628 
00225/383 interactions main-be47f046-20261001-v1-calendar-eager mobile cold ok 660 
00226/383 interactions main-be47f046-20261001-v1-calendar-eager mobile cold ok 648 
00227/383 interactions main-be47f046-20261001-v1-calendar-deferred mobile cold ok 640 
00228/383 interactions main-be47f046-20261001-v1-calendar-split mobile cold ok 640 
00229/383 interactions main-be47f046-20261001-v1-calendar-eager mobile cold ok 664 
00230/383 interactions main-be47f046-20261001-v1-calendar-split mobile cold ok 668 
00231/383 interactions main-be47f046-20261001-v1-calendar-deferred mobile cold ok 660 
00232/383 interactions main-be47f046-20261001-v1-calendar-eager mobile cold ok 672 
00233/383 interactions main-be47f046-20261001-v1-calendar-deferred mobile cold ok 648 
00234/383 interactions main-be47f046-20261001-v1-calendar-split mobile cold ok 632 
00235/383 interactions main-be47f046-20261001-v1-calendar-split mobile cold ok 640 
00236/383 interactions main-be47f046-20261001-v1-calendar-eager mobile cold ok 656 
00237/383 interactions main-be47f046-20261001-v1-calendar-deferred mobile cold ok 628 
00238/383 interactions main-be47f046-20261001-v1-calendar-deferred mobile cold ok 796 
00239/383 interactions main-be47f046-20261001-v1-calendar-eager mobile cold ok 644 
00240/383 interactions main-be47f046-20261001-v1-calendar-split mobile cold ok 640 
00241/383 calendar main-be47f046-20261001-v1-calendar-deferred desktop cold ok 14.900000095367432 
00242/383 calendar main-be47f046-20261001-v1-calendar-split desktop cold ok 21 
00243/383 calendar main-be47f046-20261001-v1-calendar-eager desktop cold ok 14.800000190734863 
00244/383 calendar main-be47f046-20261001-v1-calendar-eager desktop cold ok 10.400000095367432 
00245/383 calendar main-be47f046-20261001-v1-calendar-deferred desktop cold ok 13.5 
00246/383 calendar main-be47f046-20261001-v1-calendar-split desktop cold ok 18.799999713897705 
00247/383 calendar main-be47f046-20261001-v1-calendar-split desktop cold ok 20.5 
00248/383 calendar main-be47f046-20261001-v1-calendar-eager desktop cold ok 12.099999904632568 
00249/383 calendar main-be47f046-20261001-v1-calendar-deferred desktop cold ok 13.199999809265137 
00250/383 calendar main-be47f046-20261001-v1-calendar-deferred desktop cold ok 12.899999618530273 
00251/383 calendar main-be47f046-20261001-v1-calendar-split desktop cold ok 21.699999809265137 
00252/383 calendar main-be47f046-20261001-v1-calendar-eager desktop cold ok 13 
00253/383 calendar main-be47f046-20261001-v1-calendar-deferred desktop cold ok 13.200000286102295 
00254/383 calendar main-be47f046-20261001-v1-calendar-eager desktop cold ok 13.699999809265137 
00255/383 calendar main-be47f046-20261001-v1-calendar-split desktop cold ok 21.799999713897705 
00256/383 calendar main-be47f046-20261001-v1-calendar-deferred desktop cold ok 13.599999904632568 
00257/383 calendar main-be47f046-20261001-v1-calendar-split desktop cold ok 20.5 
00258/383 calendar main-be47f046-20261001-v1-calendar-eager desktop cold ok 10.199999809265137 
00259/383 calendar main-be47f046-20261001-v1-calendar-split desktop cold ok 22.800000190734863 
00260/383 calendar main-be47f046-20261001-v1-calendar-deferred desktop cold ok 14.899999618530273 
00261/383 calendar main-be47f046-20261001-v1-calendar-eager desktop cold ok 9.700000286102295 
00262/383 calendar main-be47f046-20261001-v1-calendar-eager desktop cold ok 9.5 
00263/383 calendar main-be47f046-20261001-v1-calendar-deferred desktop cold ok 14.199999809265137 
00264/383 calendar main-be47f046-20261001-v1-calendar-split desktop cold ok 19.700000286102295 
00265/383 calendar main-be47f046-20261001-v1-calendar-split desktop cold ok 22.90000009536743 
00266/383 calendar main-be47f046-20261001-v1-calendar-deferred desktop cold ok 13.599999904632568 
00267/383 calendar main-be47f046-20261001-v1-calendar-eager desktop cold ok 9.5 
00268/383 calendar main-be47f046-20261001-v1-calendar-deferred desktop cold ok 13.699999809265137 
00269/383 calendar main-be47f046-20261001-v1-calendar-eager desktop cold ok 10.099999904632568 
00270/383 calendar main-be47f046-20261001-v1-calendar-split desktop cold ok 24.299999713897705 
00271/383 calendar main-be47f046-20261001-v1-calendar-deferred mobile cold ok 63.40000009536743 
00272/383 calendar main-be47f046-20261001-v1-calendar-split mobile cold ok 183 
00273/383 calendar main-be47f046-20261001-v1-calendar-eager mobile cold ok 52.5 
00274/383 calendar main-be47f046-20261001-v1-calendar-deferred mobile cold ok 71.40000009536743 
00275/383 calendar main-be47f046-20261001-v1-calendar-split mobile cold ok 186.19999980926514 
00276/383 calendar main-be47f046-20261001-v1-calendar-eager mobile cold ok 46.19999980926514 
00277/383 calendar main-be47f046-20261001-v1-calendar-deferred mobile cold ok 93 
00278/383 calendar main-be47f046-20261001-v1-calendar-eager mobile cold ok 50.700000286102295 
00279/383 calendar main-be47f046-20261001-v1-calendar-split mobile cold ok 184.89999961853027 
00280/383 calendar main-be47f046-20261001-v1-calendar-split mobile cold ok 195.7000002861023 
00281/383 calendar main-be47f046-20261001-v1-calendar-eager mobile cold ok 51.59999990463257 
00282/383 calendar main-be47f046-20261001-v1-calendar-deferred mobile cold ok 64.2000002861023 
00283/383 calendar main-be47f046-20261001-v1-calendar-eager mobile cold ok 46.5 
00284/383 calendar main-be47f046-20261001-v1-calendar-split mobile cold ok 187.7999997138977 
00285/383 calendar main-be47f046-20261001-v1-calendar-deferred mobile cold ok 68.10000038146973 
00286/383 calendar main-be47f046-20261001-v1-calendar-split mobile cold ok 187.30000019073486 
00287/383 calendar main-be47f046-20261001-v1-calendar-eager mobile cold ok 47.5 
00288/383 calendar main-be47f046-20261001-v1-calendar-deferred mobile cold ok 79.09999990463257 
00289/383 calendar main-be47f046-20261001-v1-calendar-split mobile cold ok 184.10000038146973 
00290/383 calendar main-be47f046-20261001-v1-calendar-eager mobile cold ok 48.60000038146973 
00291/383 calendar main-be47f046-20261001-v1-calendar-deferred mobile cold ok 72.39999961853027 
00292/383 calendar main-be47f046-20261001-v1-calendar-split mobile cold ok 182.09999990463257 
00293/383 calendar main-be47f046-20261001-v1-calendar-deferred mobile cold ok 63.40000009536743 
00294/383 calendar main-be47f046-20261001-v1-calendar-eager mobile cold ok 47.40000009536743 
00295/383 calendar main-be47f046-20261001-v1-calendar-deferred mobile cold ok 73.39999961853027 
00296/383 calendar main-be47f046-20261001-v1-calendar-eager mobile cold ok 50.80000019073486 
00297/383 calendar main-be47f046-20261001-v1-calendar-split mobile cold ok 181 
00298/383 calendar main-be47f046-20261001-v1-calendar-eager mobile cold ok 57.5 
00299/383 calendar main-be47f046-20261001-v1-calendar-split mobile cold ok 192.59999990463257 
00300/383 calendar main-be47f046-20261001-v1-calendar-deferred mobile cold ok 135.2000002861023 
00301/383 calendar main-be47f046-20261001-v1-calendar-deferred mobile cold ok 70.80000019073486 
00302/383 calendar main-be47f046-20261001-v1-calendar-split mobile cold ok 181.80000019073486 
00303/383 calendar main-be47f046-20261001-v1-calendar-eager mobile cold ok 54.799999713897705 
00304/383 calendar main-be47f046-20261001-v1-calendar-eager mobile cold ok 53.89999961853027 
00305/383 calendar main-be47f046-20261001-v1-calendar-split mobile cold ok 191.59999990463257 
00306/383 calendar main-be47f046-20261001-v1-calendar-deferred mobile cold ok 70 
00307/383 calendar main-be47f046-20261001-v1-calendar-eager mobile cold ok 51.40000009536743 
00308/383 calendar main-be47f046-20261001-v1-calendar-split mobile cold ok 183.2000002861023 
00309/383 calendar main-be47f046-20261001-v1-calendar-deferred mobile cold ok 69.09999990463257 
00310/383 calendar main-be47f046-20261001-v1-calendar-eager mobile cold ok 54.40000009536743 
00311/383 calendar main-be47f046-20261001-v1-calendar-split mobile cold ok 187.40000009536743 
00312/383 calendar main-be47f046-20261001-v1-calendar-deferred mobile cold ok 67.2999997138977 
00313/383 calendar main-be47f046-20261001-v1-calendar-split mobile cold ok 187 
00314/383 calendar main-be47f046-20261001-v1-calendar-eager mobile cold ok 55.09999990463257 
00315/383 calendar main-be47f046-20261001-v1-calendar-deferred mobile cold ok 70.19999980926514 
00316/383 calendar main-be47f046-20261001-v1-calendar-split mobile cold ok 186.40000009536743 
00317/383 calendar main-be47f046-20261001-v1-calendar-deferred mobile cold ok 80.80000019073486 
00318/383 calendar main-be47f046-20261001-v1-calendar-eager mobile cold ok 50.40000009536743 
00319/383 calendar main-be47f046-20261001-v1-calendar-split mobile cold ok 184.59999990463257 
00320/383 calendar main-be47f046-20261001-v1-calendar-deferred mobile cold ok 66.80000019073486 
00321/383 calendar main-be47f046-20261001-v1-calendar-eager mobile cold ok 46.19999980926514 
00322/383 calendar main-be47f046-20261001-v1-calendar-split mobile cold ok 195.7999997138977 
00323/383 calendar main-be47f046-20261001-v1-calendar-eager mobile cold ok 64.09999990463257 
00324/383 calendar main-be47f046-20261001-v1-calendar-deferred mobile cold ok 67.40000009536743 
00325/383 calendar main-be47f046-20261001-v1-calendar-deferred mobile cold ok 68.30000019073486 
00326/383 calendar main-be47f046-20261001-v1-calendar-eager mobile cold ok 46.89999961853027 
00327/383 calendar main-be47f046-20261001-v1-calendar-split mobile cold ok 183.10000038146973 
00328/383 calendar main-be47f046-20261001-v1-calendar-eager mobile cold ok 55.19999980926514 
00329/383 calendar main-be47f046-20261001-v1-calendar-split mobile cold ok 190.5 
00330/383 calendar main-be47f046-20261001-v1-calendar-deferred mobile cold ok 65.5 
00331/383 calendar main-be47f046-20261001-v1-calendar-eager mobile cold ok 48.80000019073486 
00332/383 calendar main-be47f046-20261001-v1-calendar-split mobile cold ok 185.69999980926514 
00333/383 calendar main-be47f046-20261001-v1-calendar-deferred mobile cold ok 69.5 
00334/383 calendar main-be47f046-20261001-v1-calendar-deferred mobile cold ok 63.40000009536743 
00335/383 calendar main-be47f046-20261001-v1-calendar-split mobile cold ok 193.59999990463257 
00336/383 calendar main-be47f046-20261001-v1-calendar-eager mobile cold ok 48.19999980926514 
00337/383 calendar main-be47f046-20261001-v1-calendar-split mobile cold ok 188.09999990463257 
00338/383 calendar main-be47f046-20261001-v1-calendar-eager mobile cold ok 48.80000019073486 
00339/383 calendar main-be47f046-20261001-v1-calendar-deferred mobile cold ok 65.80000019073486 
00340/383 calendar main-be47f046-20261001-v1-calendar-split mobile cold ok 187.89999961853027 
00341/383 calendar main-be47f046-20261001-v1-calendar-deferred mobile cold ok 71.5 
00342/383 calendar main-be47f046-20261001-v1-calendar-eager mobile cold ok 53.69999980926514 
00343/383 calendar main-be47f046-20261001-v1-calendar-split mobile cold ok 179.19999980926514 
00344/383 calendar main-be47f046-20261001-v1-calendar-eager mobile cold ok 49.80000019073486 
00345/383 calendar main-be47f046-20261001-v1-calendar-deferred mobile cold ok 59.10000038146973 
00346/383 calendar main-be47f046-20261001-v1-calendar-deferred mobile cold ok 60.90000009536743 
00347/383 calendar main-be47f046-20261001-v1-calendar-eager mobile cold ok 47.90000009536743 
00348/383 calendar main-be47f046-20261001-v1-calendar-split mobile cold ok 189.90000009536743 
00349/383 calendar main-be47f046-20261001-v1-calendar-split mobile cold ok 181 
00350/383 calendar main-be47f046-20261001-v1-calendar-eager mobile cold ok 48.60000038146973 
00351/383 calendar main-be47f046-20261001-v1-calendar-deferred mobile cold ok 62.69999980926514 
00352/383 calendar main-be47f046-20261001-v1-calendar-deferred mobile cold ok 68.09999990463257 
00353/383 calendar main-be47f046-20261001-v1-calendar-split mobile cold ok 184.5 
00354/383 calendar main-be47f046-20261001-v1-calendar-eager mobile cold ok 46.59999990463257 
00355/383 calendar main-be47f046-20261001-v1-calendar-deferred mobile cold ok 71.59999990463257 
00356/383 calendar main-be47f046-20261001-v1-calendar-split mobile cold ok 183.2999997138977 
00357/383 calendar main-be47f046-20261001-v1-calendar-eager mobile cold ok 52.30000019073486 
00358/383 calendar main-be47f046-20261001-v1-calendar-eager mobile cold ok 49.09999990463257 
00359/383 calendar main-be47f046-20261001-v1-calendar-split mobile cold ok 193.5 
00360/383 calendar main-be47f046-20261001-v1-calendar-deferred mobile cold ok 70.39999961853027 
00361/383 calendar main-be47f046-20261001-v1-calendar-split mobile cold ok 84.19999980926514 
00362/383 calendar main-be47f046-20261001-v1-calendar-split mobile cold ok 67.60000038146973 
00363/383 calendar main-be47f046-20261001-v1-calendar-split mobile cold ok 72.2999997138977 
00364/383 calendar main-be47f046-20261001-v1-calendar-split mobile cold ok 66.2999997138977 
00365/383 calendar main-be47f046-20261001-v1-calendar-split mobile cold ok 82.09999990463257 
00366/383 calendar main-be47f046-20261001-v1-calendar-split mobile cold ok 70.59999990463257 
00367/383 calendar main-be47f046-20261001-v1-calendar-split mobile cold ok 73.5 
00368/383 calendar main-be47f046-20261001-v1-calendar-split mobile cold ok 66.39999961853027 
00369/383 calendar main-be47f046-20261001-v1-calendar-split mobile cold ok 69.09999990463257 
00370/383 calendar main-be47f046-20261001-v1-calendar-split mobile cold ok 75.5 
00371/383 calendar main-be47f046-20261001-v1-calendar-split mobile cold ok 145.80000019073486 
00372/383 calendar main-be47f046-20261001-v1-calendar-split mobile cold ok 152.69999980926514 
00373/383 calendar main-be47f046-20261001-v1-calendar-split mobile cold ok 146.40000009536743 
00374/383 calendar main-be47f046-20261001-v1-calendar-split mobile cold ok 150.59999990463257 
00375/383 calendar main-be47f046-20261001-v1-calendar-split mobile cold ok 155 
00376/383 calendar main-be47f046-20261001-v1-calendar-split mobile cold ok 143.40000009536743 
00377/383 calendar main-be47f046-20261001-v1-calendar-split mobile cold ok 148.5 
00378/383 calendar main-be47f046-20261001-v1-calendar-split mobile cold ok 167.69999980926514 
00379/383 calendar main-be47f046-20261001-v1-calendar-split mobile cold ok 153.40000009536743 
00380/383 calendar main-be47f046-20261001-v1-calendar-split mobile cold ok 149.09999990463257 
00381/383 memory main-be47f046-20261001-v1-calendar-deferred desktop cold ok 18.195000171661377 
00382/383 memory main-be47f046-20261001-v1-calendar-eager desktop cold ok 14.190000057220459 
00383/383 memory main-be47f046-20261001-v1-calendar-split desktop cold ok 27.415000438690186 
