npm notice run en-reve-performance-lab@0.1.0 test
npm notice run node --test tests/*.test.mjs
✔ selected panels keep registered order and reject unknown selectors (1.292292ms)
✔ first snapshot archive retains its canonical historical path and metadata (6.10675ms)
✔ repeated fingerprint archives preserve both the existing archive and the new snapshot (5.067875ms)
✔ a retained metadata-only archive cannot be overwritten by preparation (3.474209ms)
✔ challenger addition preserves frozen entries and prior qualification while requiring its own checks (0.353375ms)
✔ adding a challenger never clears another pending qualification (0.095334ms)
✔ selected candidate refresh preserves unselected frozen controls and their ordering (0.179667ms)
✔ additions and selected refresh retain receipt provenance without changing unselected evidence (0.111917ms)
✔ recipes provide explicit separate suites, qualification, seeded IDs and complete calendar stages (2.79725ms)
✔ invalid selection, accidental options, unsafe identifiers, unsupported calendar matrix fail before work (1.785708ms)
✔ run evidence refuses duplicate, mismatched and dateless samples; reports incomplete evidence honestly (0.376334ms)
✔ source export includes isolated locks/vendor and new scripts, excludes secrets/runtime/output (0.6555ms)
✔ verified transfer round trip relocates binary bytes and modes, refuses overwrite and corruption (17.976125ms)
✔ run refuses existing campaign before mutating it (3.288583ms)
✔ stage failure records immutable context and stops before acquisition without retrying (22.294ms)
✔ restore rejects traversal even with a recomputed manifest checksum before creating destination (6.83125ms)
✔ CI resolves the script path and waits for the child exit without launching a process (0.630542ms)
✔ CI propagates child failures and launch errors (0.748208ms)
✔ full CI discovers the registry for all eight distinct suites, including startup and observer overhead (0.212541ms)
✔ qualification and fixed sentinel dispatch retain their prior scope (0.107375ms)
✔ distribution omits unsupported high percentiles and missing values (0.903209ms)
✔ paired bootstrap retains pairing and known constant shift (7.170917ms)
✔ historical comparisons resample independently and preserve known constant effects (6.347458ms)
✔ CLS session windows exclude recent input and split at one-second gaps (0.185542ms)
✔ compression negotiates supported nonzero preference (0.151708ms)
✔ randomization is repeatable and does not mutate its source (0.067875ms)
✔ absent Event Timing is null, not a zero-duration interaction (0.328709ms)
✔ an action cannot borrow the next action’s slower Event Timing entry (0.095958ms)
✔ budgets expose growth, missing systems and challenger additions (0.137458ms)
✔ pinned lexer distinguishes real static and dynamic import edges (1.219625ms)
✔ coverage ranges are unioned without counting overlap twice (0.346459ms)
✔ V8 coverage excludes unexecuted nested ranges inside an executed script (0.153167ms)
✔ whole-page delivery includes HTML and fonts but excludes lifecycle collection/navigation (0.561958ms)
✔ incomplete response never looks like a zero byte download (0.120375ms)
✔ embedded SVG and blob payloads are not downloaded twice or treated as incomplete network responses (0.659917ms)
✔ only local-scheme responses cannot establish a zero-byte HTTP delivery (0.073917ms)
✔ cache zero is preserved; pre-navigation network snapshot wins; HTML included once in resource timing (0.077333ms)
✔ En Reve main refresh replaces target rows only, keeps archived cohorts, and is idempotent (9.423417ms)
✔ dated current reports remain refreshable without duplicate identity columns (6.504708ms)
✔ calibration rejects an occupied explicit receipt before acquiring browser resources (3.816041ms)
✔ functional qualification rejects path traversal run ids before creating artifacts (0.371833ms)
✔ acknowledges delayed correct payload, ignores wrong-document/incomplete/old payloads and duplicates (23.583916ms)
✔ bounded missing delivery, duplicate expectations and navigation cancellation release ownership (12.171708ms)
✔ expectation owns an immutable snapshot and completed cancellation cannot remove a later waiter (1.343709ms)
✔ native work owns its private machine, checkout and browser resources and cleans up on failure (8.158333ms)
✔ native work borrows exact integration machine and browser leases without deleting them (3.580166ms)
✔ native work rejects tampered inherited browser ownership without executing or removing producer leases (2.530875ms)
✔ main groups preserve historical cells, add only matching Web Awesome metrics, and integrate idempotently (7.203333ms)
✔ blocking excess clips the blocking portion across the FCP boundary (0.414458ms)
✔ reference requires full schedule, unique blocks and 30 successful samples per timing cell (1.936209ms)
✔ missing timing evidence cannot pass through sample counts alone (0.164542ms)
✔ retention requires repeated complete checkpoints and successful GC memory measurements (0.449958ms)
✔ frozen integrity check detects modified content and extra files (8.655542ms)
✔ benchmark matrix has repeatable paired blocks without invented global topologies (1.036ms)
✔ invalid matrices fail before browser work or ambiguous fixture ownership (0.386958ms)
✔ unsupported and failed runs never become fast successful measurements (0.293916ms)
✔ implicit historical fixed wait and explicit fixed wait are the same protocol (0.430125ms)
✔ identical harness bytes cannot make fixed wait and acknowledgement comparable (0.0815ms)
✔ one mixed or missing acknowledgement sample prevents timing comparison (0.063417ms)
✔ unknown lifecycle protocols fail closed even when both manifests agree (0.046625ms)
✔ existing harness, host, profile and suite separation remains required (0.098084ms)
✔ failed samples remain failures for the original completeness check, not accepted timing observations (0.045958ms)
✔ Spectrum refresh replaces target rows only, keeps archived cohorts, and is idempotent (9.475125ms)
✔ standalone variant qualification keeps its default path and legacy engine omission (4.472833ms)
✔ explicit qualification selects the owned receipt and leaves a stale default unchanged (2.729834ms)
✔ missing, malformed, failed, wrong-variant and wrong-engine owned receipts cannot fall back (3.564709ms)
✔ functional receipt option requires a variant before creating a run (0.720292ms)
✔ every specialized current measurement binds its own Chromium producer receipt (0.927208ms)
✔ receipt composition preserves inputs and associates selected projects with their original evidence (1.16025ms)
✔ receipt preflight reports every missing selected system and rejects ambiguous evidence (0.961ms)
✔ selected composition counts and dates only the selected evidence (0.092667ms)
✔ receipt overrides stay explicit and reject empty, duplicated or ambiguous path arguments (0.118541ms)
✔ default catalog covers all nine registered systems while historical receipt remains eight (1.941459ms)
ℹ tests 73
ℹ suites 0
ℹ pass 73
ℹ fail 0
ℹ cancelled 0
ℹ skipped 0
ℹ todo 0
ℹ duration_ms 4585.376041
