00001/383 load calendar-eager desktop cold ok 140 
00002/383 load calendar-split desktop cold ok 100 
00003/383 load calendar-deferred desktop cold ok 112 
00004/383 load calendar-deferred desktop cold ok 120 
00005/383 load calendar-eager desktop cold ok 96 
00006/383 load calendar-split desktop cold ok 100 
00007/383 load calendar-deferred desktop cold ok 92 
00008/383 load calendar-split desktop cold ok 96 
00009/383 load calendar-eager desktop cold ok 100 
00010/383 load calendar-deferred desktop cold ok 96 
00011/383 load calendar-split desktop cold ok 96 
00012/383 load calendar-eager desktop cold ok 104 
00013/383 load calendar-split desktop cold ok 96 
00014/383 load calendar-deferred desktop cold ok 100 
00015/383 load calendar-eager desktop cold ok 100 
00016/383 load calendar-deferred desktop cold ok 96 
00017/383 load calendar-eager desktop cold ok 100 
00018/383 load calendar-split desktop cold ok 96 
00019/383 load calendar-split desktop cold ok 124 
00020/383 load calendar-eager desktop cold ok 104 
00021/383 load calendar-deferred desktop cold ok 108 
00022/383 load calendar-deferred desktop cold ok 104 
00023/383 load calendar-eager desktop cold ok 100 
00024/383 load calendar-split desktop cold ok 96 
00025/383 load calendar-eager desktop cold ok 112 
00026/383 load calendar-split desktop cold ok 92 
00027/383 load calendar-deferred desktop cold ok 96 
00028/383 load calendar-split desktop cold ok 96 
00029/383 load calendar-eager desktop cold ok 100 
00030/383 load calendar-deferred desktop cold ok 104 
00031/383 load calendar-eager desktop warm ok 44 
00032/383 load calendar-split desktop warm ok 44 
00033/383 load calendar-deferred desktop warm ok 44 
00034/383 load calendar-deferred desktop warm ok 44 
00035/383 load calendar-split desktop warm ok 44 
00036/383 load calendar-eager desktop warm ok 44 
00037/383 load calendar-split desktop warm ok 44 
00038/383 load calendar-eager desktop warm ok 56 
00039/383 load calendar-deferred desktop warm ok 48 
00040/383 load calendar-eager desktop warm ok 44 
00041/383 load calendar-deferred desktop warm ok 44 
00042/383 load calendar-split desktop warm ok 44 
00043/383 load calendar-deferred desktop warm ok 44 
00044/383 load calendar-eager desktop warm ok 48 
00045/383 load calendar-split desktop warm ok 44 
00046/383 load calendar-deferred desktop warm ok 44 
00047/383 load calendar-split desktop warm ok 44 
00048/383 load calendar-eager desktop warm ok 48 
00049/383 load calendar-split desktop warm ok 44 
00050/383 load calendar-deferred desktop warm ok 44 
00051/383 load calendar-eager desktop warm ok 44 
00052/383 load calendar-split desktop warm ok 44 
00053/383 load calendar-eager desktop warm ok 48 
00054/383 load calendar-deferred desktop warm ok 48 
00055/383 load calendar-deferred desktop warm ok 52 
00056/383 load calendar-eager desktop warm ok 44 
00057/383 load calendar-split desktop warm ok 44 
00058/383 load calendar-eager desktop warm ok 44 
00059/383 load calendar-deferred desktop warm ok 44 
00060/383 load calendar-split desktop warm ok 44 
00061/383 load calendar-deferred mobile cold ok 616 
00062/383 load calendar-split mobile cold ok 616 
00063/383 load calendar-eager mobile cold ok 644 
00064/383 load calendar-split mobile cold ok 616 
00065/383 load calendar-deferred mobile cold ok 632 
00066/383 load calendar-eager mobile cold ok 624 
00067/383 load calendar-split mobile cold ok 604 
00068/383 load calendar-eager mobile cold ok 628 
00069/383 load calendar-deferred mobile cold ok 624 
00070/383 load calendar-split mobile cold ok 644 
00071/383 load calendar-eager mobile cold ok 664 
00072/383 load calendar-deferred mobile cold ok 680 
00073/383 load calendar-split mobile cold ok 668 
00074/383 load calendar-eager mobile cold ok 660 
00075/383 load calendar-deferred mobile cold ok 652 
00076/383 load calendar-deferred mobile cold ok 692 
00077/383 load calendar-eager mobile cold ok 688 
00078/383 load calendar-split mobile cold ok 668 
00079/383 load calendar-split mobile cold ok 664 
00080/383 load calendar-eager mobile cold ok 644 
00081/383 load calendar-deferred mobile cold ok 624 
00082/383 load calendar-eager mobile cold ok 648 
00083/383 load calendar-split mobile cold ok 640 
00084/383 load calendar-deferred mobile cold ok 644 
00085/383 load calendar-eager mobile cold ok 644 
00086/383 load calendar-deferred mobile cold ok 636 
00087/383 load calendar-split mobile cold ok 632 
00088/383 load calendar-split mobile cold ok 668 
00089/383 load calendar-eager mobile cold ok 684 
00090/383 load calendar-deferred mobile cold ok 680 
00091/383 load calendar-split mobile warm ok 288 
00092/383 load calendar-eager mobile warm ok 316 
00093/383 load calendar-deferred mobile warm ok 300 
00094/383 load calendar-split mobile warm ok 304 
00095/383 load calendar-deferred mobile warm ok 320 
00096/383 load calendar-eager mobile warm ok 304 
00097/383 load calendar-split mobile warm ok 292 
00098/383 load calendar-deferred mobile warm ok 284 
00099/383 load calendar-eager mobile warm ok 296 
00100/383 load calendar-deferred mobile warm ok 284 
00101/383 load calendar-split mobile warm ok 304 
00102/383 load calendar-eager mobile warm ok 328 
00103/383 load calendar-split mobile warm ok 304 
00104/383 load calendar-eager mobile warm ok 300 
00105/383 load calendar-deferred mobile warm ok 300 
00106/383 load calendar-eager mobile warm ok 328 
00107/383 load calendar-split mobile warm ok 300 
00108/383 load calendar-deferred mobile warm ok 284 
00109/383 load calendar-split mobile warm ok 284 
00110/383 load calendar-eager mobile warm ok 288 
00111/383 load calendar-deferred mobile warm ok 296 
00112/383 load calendar-deferred mobile warm ok 288 
00113/383 load calendar-eager mobile warm ok 292 
00114/383 load calendar-split mobile warm ok 288 
00115/383 load calendar-deferred mobile warm ok 300 
00116/383 load calendar-split mobile warm ok 292 
00117/383 load calendar-eager mobile warm ok 304 
00118/383 load calendar-split mobile warm ok 292 
00119/383 load calendar-deferred mobile warm ok 300 
00120/383 load calendar-eager mobile warm ok 288 
00121/383 startup calendar-eager desktop cold ok  
00122/383 startup calendar-deferred desktop cold ok  
00123/383 startup calendar-split desktop cold ok  
00124/383 startup calendar-deferred desktop cold ok  
00125/383 startup calendar-split desktop cold ok  
00126/383 startup calendar-eager desktop cold ok  
00127/383 startup calendar-eager desktop cold ok  
00128/383 startup calendar-deferred desktop cold ok  
00129/383 startup calendar-split desktop cold ok  
00130/383 startup calendar-deferred desktop cold ok  
00131/383 startup calendar-split desktop cold ok  
00132/383 startup calendar-eager desktop cold ok  
00133/383 startup calendar-deferred desktop cold ok  
00134/383 startup calendar-eager desktop cold ok  
00135/383 startup calendar-split desktop cold ok  
00136/383 startup calendar-deferred desktop cold ok  
00137/383 startup calendar-eager desktop cold ok  
00138/383 startup calendar-split desktop cold ok  
00139/383 startup calendar-split desktop cold ok  
00140/383 startup calendar-eager desktop cold ok  
00141/383 startup calendar-deferred desktop cold ok  
00142/383 startup calendar-deferred desktop cold ok  
00143/383 startup calendar-split desktop cold ok  
00144/383 startup calendar-eager desktop cold ok  
00145/383 startup calendar-deferred desktop cold ok  
00146/383 startup calendar-eager desktop cold ok  
00147/383 startup calendar-split desktop cold ok  
00148/383 startup calendar-split desktop cold ok  
00149/383 startup calendar-eager desktop cold ok  
00150/383 startup calendar-deferred desktop cold ok  
00151/383 interactions calendar-split desktop cold ok 92 
00152/383 interactions calendar-eager desktop cold ok 100 
00153/383 interactions calendar-deferred desktop cold ok 96 
00154/383 interactions calendar-deferred desktop cold ok 96 
00155/383 interactions calendar-eager desktop cold ok 104 
00156/383 interactions calendar-split desktop cold ok 104 
00157/383 interactions calendar-eager desktop cold ok 104 
00158/383 interactions calendar-split desktop cold ok 96 
00159/383 interactions calendar-deferred desktop cold ok 104 
00160/383 interactions calendar-split desktop cold ok 96 
00161/383 interactions calendar-deferred desktop cold ok 100 
00162/383 interactions calendar-eager desktop cold ok 104 
00163/383 interactions calendar-split desktop cold ok 96 
00164/383 interactions calendar-eager desktop cold ok 96 
00165/383 interactions calendar-deferred desktop cold ok 96 
00166/383 interactions calendar-split desktop cold ok 100 
00167/383 interactions calendar-deferred desktop cold ok 96 
00168/383 interactions calendar-eager desktop cold ok 100 
00169/383 interactions calendar-eager desktop cold ok 100 
00170/383 interactions calendar-deferred desktop cold ok 96 
00171/383 interactions calendar-split desktop cold ok 108 
00172/383 interactions calendar-split desktop cold ok 96 
00173/383 interactions calendar-eager desktop cold ok 96 
00174/383 interactions calendar-deferred desktop cold ok 92 
00175/383 interactions calendar-split desktop cold ok 96 
00176/383 interactions calendar-eager desktop cold ok 100 
00177/383 interactions calendar-deferred desktop cold ok 100 
00178/383 interactions calendar-deferred desktop cold ok 92 
00179/383 interactions calendar-eager desktop cold ok 100 
00180/383 interactions calendar-split desktop cold ok 96 
00181/383 startup calendar-eager mobile cold ok  
00182/383 startup calendar-split mobile cold ok  
00183/383 startup calendar-deferred mobile cold ok  
00184/383 startup calendar-eager mobile cold ok  
00185/383 startup calendar-deferred mobile cold ok  
00186/383 startup calendar-split mobile cold ok  
00187/383 startup calendar-eager mobile cold ok  
00188/383 startup calendar-split mobile cold ok  
00189/383 startup calendar-deferred mobile cold ok  
00190/383 startup calendar-eager mobile cold ok  
00191/383 startup calendar-split mobile cold ok  
00192/383 startup calendar-deferred mobile cold ok  
00193/383 startup calendar-split mobile cold ok  
00194/383 startup calendar-eager mobile cold ok  
00195/383 startup calendar-deferred mobile cold ok  
00196/383 startup calendar-deferred mobile cold ok  
00197/383 startup calendar-split mobile cold ok  
00198/383 startup calendar-eager mobile cold ok  
00199/383 startup calendar-eager mobile cold ok  
00200/383 startup calendar-split mobile cold ok  
00201/383 startup calendar-deferred mobile cold ok  
00202/383 startup calendar-split mobile cold ok  
00203/383 startup calendar-deferred mobile cold ok  
00204/383 startup calendar-eager mobile cold ok  
00205/383 startup calendar-split mobile cold ok  
00206/383 startup calendar-deferred mobile cold ok  
00207/383 startup calendar-eager mobile cold ok  
00208/383 startup calendar-eager mobile cold ok  
00209/383 startup calendar-deferred mobile cold ok  
00210/383 startup calendar-split mobile cold ok  
00211/383 interactions calendar-deferred mobile cold ok 624 
00212/383 interactions calendar-split mobile cold ok 616 
00213/383 interactions calendar-eager mobile cold ok 660 
00214/383 interactions calendar-deferred mobile cold ok 640 
00215/383 interactions calendar-eager mobile cold ok 640 
00216/383 interactions calendar-split mobile cold ok 640 
00217/383 interactions calendar-eager mobile cold ok 652 
00218/383 interactions calendar-deferred mobile cold ok 632 
00219/383 interactions calendar-split mobile cold ok 632 
00220/383 interactions calendar-eager mobile cold ok 640 
00221/383 interactions calendar-split mobile cold ok 624 
00222/383 interactions calendar-deferred mobile cold ok 616 
00223/383 interactions calendar-deferred mobile cold ok 640 
00224/383 interactions calendar-split mobile cold ok 608 
00225/383 interactions calendar-eager mobile cold ok 624 
00226/383 interactions calendar-deferred mobile cold ok 620 
00227/383 interactions calendar-eager mobile cold ok 632 
00228/383 interactions calendar-split mobile cold ok 620 
00229/383 interactions calendar-eager mobile cold ok 628 
00230/383 interactions calendar-deferred mobile cold ok 612 
00231/383 interactions calendar-split mobile cold ok 628 
00232/383 interactions calendar-deferred mobile cold ok 616 
00233/383 interactions calendar-eager mobile cold ok 624 
00234/383 interactions calendar-split mobile cold ok 624 
00235/383 interactions calendar-deferred mobile cold ok 632 
00236/383 interactions calendar-split mobile cold ok 616 
00237/383 interactions calendar-eager mobile cold ok 648 
00238/383 interactions calendar-eager mobile cold ok 696 
00239/383 interactions calendar-deferred mobile cold ok 624 
00240/383 interactions calendar-split mobile cold ok 640 
00241/383 calendar calendar-deferred desktop cold ok 16 
00242/383 calendar calendar-eager desktop cold ok 13.199999809265137 
00243/383 calendar calendar-split desktop cold ok 26.5 
00244/383 calendar calendar-deferred desktop cold ok 12.899999618530273 
00245/383 calendar calendar-eager desktop cold ok 10.099999904632568 
00246/383 calendar calendar-split desktop cold ok 18.399999618530273 
00247/383 calendar calendar-eager desktop cold ok 9.199999809265137 
00248/383 calendar calendar-deferred desktop cold ok 13.800000190734863 
00249/383 calendar calendar-split desktop cold ok 18.59999990463257 
00250/383 calendar calendar-eager desktop cold ok 14.400000095367432 
00251/383 calendar calendar-split desktop cold ok 23.299999713897705 
00252/383 calendar calendar-deferred desktop cold ok 13.400000095367432 
00253/383 calendar calendar-deferred desktop cold ok 13.199999809265137 
00254/383 calendar calendar-split desktop cold ok 19 
00255/383 calendar calendar-eager desktop cold ok 16.600000381469727 
00256/383 calendar calendar-eager desktop cold ok 9 
00257/383 calendar calendar-deferred desktop cold ok 13.099999904632568 
00258/383 calendar calendar-split desktop cold ok 23.59999990463257 
00259/383 calendar calendar-split desktop cold ok 27.699999809265137 
00260/383 calendar calendar-deferred desktop cold ok 14.199999809265137 
00261/383 calendar calendar-eager desktop cold ok 9.699999809265137 
00262/383 calendar calendar-split desktop cold ok 23.40000009536743 
00263/383 calendar calendar-deferred desktop cold ok 12.5 
00264/383 calendar calendar-eager desktop cold ok 9.199999809265137 
00265/383 calendar calendar-deferred desktop cold ok 14 
00266/383 calendar calendar-eager desktop cold ok 9.900000095367432 
00267/383 calendar calendar-split desktop cold ok 17.299999713897705 
00268/383 calendar calendar-split desktop cold ok 23.699999809265137 
00269/383 calendar calendar-deferred desktop cold ok 23.100000381469727 
00270/383 calendar calendar-eager desktop cold ok 9.799999713897705 
00271/383 calendar calendar-eager mobile cold ok 52.19999980926514 
00272/383 calendar calendar-deferred mobile cold ok 65.59999990463257 
00273/383 calendar calendar-split mobile cold ok 178.09999990463257 
00274/383 calendar calendar-split mobile cold ok 177.30000019073486 
00275/383 calendar calendar-eager mobile cold ok 44.80000019073486 
00276/383 calendar calendar-deferred mobile cold ok 63.69999980926514 
00277/383 calendar calendar-deferred mobile cold ok 60.59999990463257 
00278/383 calendar calendar-eager mobile cold ok 48.40000009536743 
00279/383 calendar calendar-split mobile cold ok 181.19999980926514 
00280/383 calendar calendar-split mobile cold ok 179.80000019073486 
00281/383 calendar calendar-eager mobile cold ok 47.30000019073486 
00282/383 calendar calendar-deferred mobile cold ok 67.19999980926514 
00283/383 calendar calendar-eager mobile cold ok 44.90000009536743 
00284/383 calendar calendar-deferred mobile cold ok 63.90000009536743 
00285/383 calendar calendar-split mobile cold ok 186.19999980926514 
00286/383 calendar calendar-deferred mobile cold ok 71.80000019073486 
00287/383 calendar calendar-split mobile cold ok 180 
00288/383 calendar calendar-eager mobile cold ok 46.09999990463257 
00289/383 calendar calendar-eager mobile cold ok 43.60000038146973 
00290/383 calendar calendar-deferred mobile cold ok 63.90000009536743 
00291/383 calendar calendar-split mobile cold ok 175.80000019073486 
00292/383 calendar calendar-split mobile cold ok 180.59999990463257 
00293/383 calendar calendar-deferred mobile cold ok 79.80000019073486 
00294/383 calendar calendar-eager mobile cold ok 47 
00295/383 calendar calendar-eager mobile cold ok 45.90000009536743 
00296/383 calendar calendar-deferred mobile cold ok 64.19999980926514 
00297/383 calendar calendar-split mobile cold ok 181.19999980926514 
00298/383 calendar calendar-deferred mobile cold ok 63.19999980926514 
00299/383 calendar calendar-split mobile cold ok 177.90000009536743 
00300/383 calendar calendar-eager mobile cold ok 55.09999990463257 
00301/383 calendar calendar-split mobile cold ok 178.19999980926514 
00302/383 calendar calendar-deferred mobile cold ok 59.5 
00303/383 calendar calendar-eager mobile cold ok 44.09999990463257 
00304/383 calendar calendar-split mobile cold ok 190.19999980926514 
00305/383 calendar calendar-deferred mobile cold ok 65.7000002861023 
00306/383 calendar calendar-eager mobile cold ok 48.39999961853027 
00307/383 calendar calendar-split mobile cold ok 179.69999980926514 
00308/383 calendar calendar-eager mobile cold ok 47.30000019073486 
00309/383 calendar calendar-deferred mobile cold ok 60.5 
00310/383 calendar calendar-deferred mobile cold ok 67.80000019073486 
00311/383 calendar calendar-split mobile cold ok 178.5 
00312/383 calendar calendar-eager mobile cold ok 46.60000038146973 
00313/383 calendar calendar-split mobile cold ok 176 
00314/383 calendar calendar-eager mobile cold ok 46.30000019073486 
00315/383 calendar calendar-deferred mobile cold ok 62.799999713897705 
00316/383 calendar calendar-split mobile cold ok 174.5 
00317/383 calendar calendar-eager mobile cold ok 45 
00318/383 calendar calendar-deferred mobile cold ok 63.80000019073486 
00319/383 calendar calendar-split mobile cold ok 181.09999990463257 
00320/383 calendar calendar-deferred mobile cold ok 66.59999990463257 
00321/383 calendar calendar-eager mobile cold ok 48 
00322/383 calendar calendar-eager mobile cold ok 45.80000019073486 
00323/383 calendar calendar-deferred mobile cold ok 67.5 
00324/383 calendar calendar-split mobile cold ok 179 
00325/383 calendar calendar-deferred mobile cold ok 60.90000009536743 
00326/383 calendar calendar-split mobile cold ok 184.30000019073486 
00327/383 calendar calendar-eager mobile cold ok 45.90000009536743 
00328/383 calendar calendar-deferred mobile cold ok 66.2999997138977 
00329/383 calendar calendar-eager mobile cold ok 47.89999961853027 
00330/383 calendar calendar-split mobile cold ok 200.39999961853027 
00331/383 calendar calendar-split mobile cold ok 193.90000009536743 
00332/383 calendar calendar-eager mobile cold ok 52.700000286102295 
00333/383 calendar calendar-deferred mobile cold ok 72.40000009536743 
00334/383 calendar calendar-deferred mobile cold ok 70.59999990463257 
00335/383 calendar calendar-split mobile cold ok 179.59999990463257 
00336/383 calendar calendar-eager mobile cold ok 46.30000019073486 
00337/383 calendar calendar-eager mobile cold ok 46.30000019073486 
00338/383 calendar calendar-deferred mobile cold ok 61.30000019073486 
00339/383 calendar calendar-split mobile cold ok 179.7000002861023 
00340/383 calendar calendar-deferred mobile cold ok 59.69999980926514 
00341/383 calendar calendar-split mobile cold ok 179.10000038146973 
00342/383 calendar calendar-eager mobile cold ok 46 
00343/383 calendar calendar-split mobile cold ok 175.80000019073486 
00344/383 calendar calendar-deferred mobile cold ok 60.59999990463257 
00345/383 calendar calendar-eager mobile cold ok 47.90000009536743 
00346/383 calendar calendar-eager mobile cold ok 44.59999990463257 
00347/383 calendar calendar-split mobile cold ok 179.40000009536743 
00348/383 calendar calendar-deferred mobile cold ok 62.30000019073486 
00349/383 calendar calendar-deferred mobile cold ok 61.40000009536743 
00350/383 calendar calendar-split mobile cold ok 180.40000009536743 
00351/383 calendar calendar-eager mobile cold ok 48.09999990463257 
00352/383 calendar calendar-split mobile cold ok 177.69999980926514 
00353/383 calendar calendar-deferred mobile cold ok 64 
00354/383 calendar calendar-eager mobile cold ok 46.5 
00355/383 calendar calendar-eager mobile cold ok 47.59999990463257 
00356/383 calendar calendar-split mobile cold ok 179.7999997138977 
00357/383 calendar calendar-deferred mobile cold ok 64.2000002861023 
00358/383 calendar calendar-split mobile cold ok 180.09999990463257 
00359/383 calendar calendar-deferred mobile cold ok 60.5 
00360/383 calendar calendar-eager mobile cold ok 44.09999990463257 
00361/383 calendar calendar-split mobile cold ok 63.80000019073486 
00362/383 calendar calendar-split mobile cold ok 63.5 
00363/383 calendar calendar-split mobile cold ok 61.40000009536743 
00364/383 calendar calendar-split mobile cold ok 63.5 
00365/383 calendar calendar-split mobile cold ok 65.59999990463257 
00366/383 calendar calendar-split mobile cold ok 65.80000019073486 
00367/383 calendar calendar-split mobile cold ok 64.30000019073486 
00368/383 calendar calendar-split mobile cold ok 65.80000019073486 
00369/383 calendar calendar-split mobile cold ok 64.69999980926514 
00370/383 calendar calendar-split mobile cold ok 82 
00371/383 calendar calendar-split mobile cold ok 148.2999997138977 
00372/383 calendar calendar-split mobile cold ok 140.7000002861023 
00373/383 calendar calendar-split mobile cold ok 149.2000002861023 
00374/383 calendar calendar-split mobile cold ok 150 
00375/383 calendar calendar-split mobile cold ok 153 
00376/383 calendar calendar-split mobile cold ok 147.5 
00377/383 calendar calendar-split mobile cold ok 145.40000009536743 
00378/383 calendar calendar-split mobile cold ok 149.10000038146973 
00379/383 calendar calendar-split mobile cold ok 150.7999997138977 
00380/383 calendar calendar-split mobile cold ok 151.19999980926514 
00381/383 memory calendar-split desktop cold ok 18.875 
00382/383 memory calendar-deferred desktop cold ok 13.09499979019165 
00383/383 memory calendar-eager desktop cold ok 15.670000076293945 
