START en-reve-main-load-v1 2026-09-24T00:15:11.548Z
RUN en-reve-main-load-v1: 120 serial samples
00001/120 web-awesome mobile/cold ok LCP=768.0 
00002/120 fluent-web-components mobile/cold ok LCP=512.0 
00003/120 web-awesome mobile/warm ok LCP=252.0 
00004/120 en-reve desktop/cold ok LCP=108.0 
00005/120 fluent-web-components desktop/warm ok LCP=40.0 
00006/120 en-reve desktop/warm ok LCP=48.0 
00007/120 en-reve mobile/cold ok LCP=640.0 
00008/120 web-awesome desktop/cold ok LCP=92.0 
00009/120 web-awesome desktop/warm ok LCP=32.0 
00010/120 en-reve mobile/warm ok LCP=300.0 
00011/120 fluent-web-components desktop/cold ok LCP=88.0 
00012/120 fluent-web-components mobile/warm ok LCP=212.0 
00013/120 fluent-web-components desktop/cold ok LCP=80.0 
00014/120 fluent-web-components mobile/warm ok LCP=212.0 
00015/120 fluent-web-components desktop/warm ok LCP=32.0 
00016/120 web-awesome desktop/warm ok LCP=36.0 
00017/120 en-reve mobile/warm ok LCP=312.0 
00018/120 web-awesome mobile/cold ok LCP=600.0 
00019/120 en-reve desktop/cold ok LCP=96.0 
00020/120 web-awesome desktop/cold ok LCP=96.0 
00021/120 en-reve mobile/cold ok LCP=664.0 
00022/120 fluent-web-components mobile/cold ok LCP=504.0 
00023/120 en-reve desktop/warm ok LCP=44.0 
00024/120 web-awesome mobile/warm ok LCP=248.0 
00025/120 web-awesome desktop/cold ok LCP=92.0 
00026/120 en-reve mobile/cold ok LCP=632.0 
00027/120 fluent-web-components mobile/cold ok LCP=512.0 
00028/120 fluent-web-components desktop/warm ok LCP=28.0 
00029/120 web-awesome mobile/warm ok LCP=256.0 
00030/120 fluent-web-components desktop/cold ok LCP=80.0 
00031/120 en-reve mobile/warm ok LCP=304.0 
00032/120 en-reve desktop/warm ok LCP=44.0 
00033/120 web-awesome desktop/warm ok LCP=36.0 
00034/120 web-awesome mobile/cold ok LCP=588.0 
00035/120 en-reve desktop/cold ok LCP=100.0 
00036/120 fluent-web-components mobile/warm ok LCP=240.0 
00037/120 en-reve mobile/warm ok LCP=304.0 
00038/120 web-awesome desktop/warm ok LCP=40.0 
00039/120 fluent-web-components desktop/cold ok LCP=84.0 
00040/120 fluent-web-components mobile/cold ok LCP=516.0 
00041/120 en-reve desktop/warm ok LCP=44.0 
00042/120 web-awesome mobile/warm ok LCP=252.0 
00043/120 web-awesome desktop/cold ok LCP=96.0 
00044/120 en-reve mobile/cold ok LCP=628.0 
00045/120 en-reve desktop/cold ok LCP=100.0 
00046/120 fluent-web-components desktop/warm ok LCP=28.0 
00047/120 fluent-web-components mobile/warm ok LCP=208.0 
00048/120 web-awesome mobile/cold ok LCP=588.0 
00049/120 web-awesome mobile/warm ok LCP=244.0 
00050/120 fluent-web-components desktop/cold ok LCP=80.0 
00051/120 web-awesome desktop/cold ok LCP=88.0 
00052/120 fluent-web-components mobile/warm ok LCP=208.0 
00053/120 web-awesome desktop/warm ok LCP=44.0 
00054/120 en-reve mobile/cold ok LCP=728.0 
00055/120 en-reve desktop/cold ok LCP=104.0 
00056/120 fluent-web-components mobile/cold ok LCP=536.0 
00057/120 web-awesome mobile/cold ok LCP=612.0 
00058/120 en-reve mobile/warm ok LCP=304.0 
00059/120 en-reve desktop/warm ok LCP=44.0 
00060/120 fluent-web-components desktop/warm ok LCP=28.0 
00061/120 fluent-web-components desktop/cold ok LCP=88.0 
00062/120 web-awesome desktop/warm ok LCP=36.0 
00063/120 en-reve desktop/cold ok LCP=140.0 
00064/120 en-reve desktop/warm ok LCP=48.0 
00065/120 fluent-web-components mobile/cold ok LCP=516.0 
00066/120 fluent-web-components mobile/warm ok LCP=220.0 
00067/120 web-awesome mobile/cold ok LCP=632.0 
00068/120 fluent-web-components desktop/warm ok LCP=28.0 
00069/120 en-reve mobile/warm ok LCP=332.0 
00070/120 web-awesome desktop/cold ok LCP=100.0 
00071/120 en-reve mobile/cold ok LCP=656.0 
00072/120 web-awesome mobile/warm ok LCP=244.0 
00073/120 en-reve mobile/cold ok LCP=636.0 
00074/120 web-awesome desktop/cold ok LCP=88.0 
00075/120 web-awesome mobile/cold ok LCP=592.0 
00076/120 en-reve mobile/warm ok LCP=296.0 
00077/120 en-reve desktop/cold ok LCP=96.0 
00078/120 fluent-web-components mobile/warm ok LCP=204.0 
00079/120 en-reve desktop/warm ok LCP=44.0 
00080/120 web-awesome desktop/warm ok LCP=32.0 
00081/120 fluent-web-components mobile/cold ok LCP=504.0 
00082/120 fluent-web-components desktop/cold ok LCP=80.0 
00083/120 web-awesome mobile/warm ok LCP=236.0 
00084/120 fluent-web-components desktop/warm ok LCP=28.0 
00085/120 en-reve mobile/cold ok LCP=632.0 
00086/120 web-awesome desktop/warm ok LCP=36.0 
00087/120 web-awesome mobile/cold ok LCP=596.0 
00088/120 fluent-web-components mobile/cold ok LCP=592.0 
00089/120 web-awesome desktop/cold ok LCP=96.0 
00090/120 en-reve mobile/warm ok LCP=296.0 
00091/120 web-awesome mobile/warm ok LCP=236.0 
00092/120 fluent-web-components mobile/warm ok LCP=208.0 
00093/120 fluent-web-components desktop/cold ok LCP=92.0 
00094/120 fluent-web-components desktop/warm ok LCP=28.0 
00095/120 en-reve desktop/cold ok LCP=96.0 
00096/120 en-reve desktop/warm ok LCP=44.0 
00097/120 fluent-web-components mobile/cold ok LCP=508.0 
00098/120 web-awesome desktop/cold ok LCP=96.0 
00099/120 en-reve desktop/warm ok LCP=44.0 
00100/120 fluent-web-components mobile/warm ok LCP=208.0 
00101/120 web-awesome mobile/warm ok LCP=244.0 
00102/120 fluent-web-components desktop/warm ok LCP=32.0 
00103/120 web-awesome mobile/cold ok LCP=608.0 
00104/120 en-reve desktop/cold ok LCP=112.0 
00105/120 en-reve mobile/cold ok LCP=688.0 
00106/120 web-awesome desktop/warm ok LCP=36.0 
00107/120 fluent-web-components desktop/cold ok LCP=80.0 
00108/120 en-reve mobile/warm ok LCP=296.0 
00109/120 web-awesome desktop/warm ok LCP=36.0 
00110/120 en-reve mobile/warm ok LCP=320.0 
00111/120 fluent-web-components desktop/cold ok LCP=92.0 
00112/120 web-awesome mobile/warm ok LCP=260.0 
00113/120 en-reve mobile/cold ok LCP=648.0 
00114/120 fluent-web-components mobile/cold ok LCP=516.0 
00115/120 fluent-web-components mobile/warm ok LCP=208.0 
00116/120 web-awesome desktop/cold ok LCP=92.0 
00117/120 en-reve desktop/cold ok LCP=96.0 
00118/120 fluent-web-components desktop/warm ok LCP=28.0 
00119/120 web-awesome mobile/cold ok LCP=600.0 
00120/120 en-reve desktop/warm ok LCP=44.0 
Saved /Users/westbrook/Documents/repos/design-system/showcases/performance/runs/en-reve-main-load-v1
/Users/westbrook/Documents/repos/design-system/showcases/performance/runs/en-reve-main-load-v1/report.md
FINISH en-reve-main-load-v1 {"suite":"load","samples":"10","profiles":"desktop,mobile","caches":"cold,warm","systems":"en-reve,fluent-web-components,web-awesome","seed":"20260923","id":"en-reve-main-load-v1","startedAt":"2026-09-24T00:15:11.549Z","exitCode":0,"finishedAt":"2026-09-24T00:21:25.380Z","expected":120,"recorded":120,"successful":120,"failed":0,"complete":true}
START en-reve-main-startup-v1 2026-09-24T00:21:25.388Z
RUN en-reve-main-startup-v1: 60 serial samples
00001/60 web-awesome desktop/cold ok LCP=n/a 
00002/60 web-awesome mobile/cold ok LCP=n/a 
00003/60 en-reve mobile/cold ok LCP=n/a 
00004/60 en-reve desktop/cold ok LCP=n/a 
00005/60 fluent-web-components desktop/cold ok LCP=n/a 
00006/60 fluent-web-components mobile/cold ok LCP=n/a 
00007/60 en-reve mobile/cold ok LCP=n/a 
00008/60 en-reve desktop/cold ok LCP=n/a 
00009/60 fluent-web-components mobile/cold ok LCP=n/a 
00010/60 fluent-web-components desktop/cold ok LCP=n/a 
00011/60 web-awesome desktop/cold ok LCP=n/a 
00012/60 web-awesome mobile/cold ok LCP=n/a 
00013/60 en-reve desktop/cold ok LCP=n/a 
00014/60 web-awesome mobile/cold ok LCP=n/a 
00015/60 fluent-web-components desktop/cold ok LCP=n/a 
00016/60 fluent-web-components mobile/cold ok LCP=n/a 
00017/60 web-awesome desktop/cold ok LCP=n/a 
00018/60 en-reve mobile/cold ok LCP=n/a 
00019/60 fluent-web-components desktop/cold ok LCP=n/a 
00020/60 fluent-web-components mobile/cold ok LCP=n/a 
00021/60 web-awesome desktop/cold ok LCP=n/a 
00022/60 en-reve mobile/cold ok LCP=n/a 
00023/60 en-reve desktop/cold ok LCP=n/a 
00024/60 web-awesome mobile/cold ok LCP=n/a 
00025/60 web-awesome mobile/cold ok LCP=n/a 
00026/60 fluent-web-components desktop/cold ok LCP=n/a 
00027/60 web-awesome desktop/cold ok LCP=n/a 
00028/60 fluent-web-components mobile/cold ok LCP=n/a 
00029/60 en-reve mobile/cold ok LCP=n/a 
00030/60 en-reve desktop/cold ok LCP=n/a 
00031/60 en-reve desktop/cold ok LCP=n/a 
00032/60 fluent-web-components mobile/cold ok LCP=n/a 
00033/60 fluent-web-components desktop/cold ok LCP=n/a 
00034/60 web-awesome desktop/cold ok LCP=n/a 
00035/60 web-awesome mobile/cold ok LCP=n/a 
00036/60 en-reve mobile/cold ok LCP=n/a 
00037/60 fluent-web-components mobile/cold ok LCP=n/a 
00038/60 web-awesome desktop/cold ok LCP=n/a 
00039/60 web-awesome mobile/cold ok LCP=n/a 
00040/60 fluent-web-components desktop/cold ok LCP=n/a 
00041/60 en-reve mobile/cold ok LCP=n/a 
00042/60 en-reve desktop/cold ok LCP=n/a 
00043/60 fluent-web-components desktop/cold ok LCP=n/a 
00044/60 web-awesome desktop/cold ok LCP=n/a 
00045/60 web-awesome mobile/cold ok LCP=n/a 
00046/60 en-reve mobile/cold ok LCP=n/a 
00047/60 en-reve desktop/cold ok LCP=n/a 
00048/60 fluent-web-components mobile/cold ok LCP=n/a 
00049/60 fluent-web-components mobile/cold ok LCP=n/a 
00050/60 web-awesome mobile/cold ok LCP=n/a 
00051/60 en-reve desktop/cold ok LCP=n/a 
00052/60 fluent-web-components desktop/cold ok LCP=n/a 
00053/60 en-reve mobile/cold ok LCP=n/a 
00054/60 web-awesome desktop/cold ok LCP=n/a 
00055/60 web-awesome desktop/cold ok LCP=n/a 
00056/60 fluent-web-components mobile/cold ok LCP=n/a 
00057/60 fluent-web-components desktop/cold ok LCP=n/a 
00058/60 web-awesome mobile/cold ok LCP=n/a 
00059/60 en-reve mobile/cold ok LCP=n/a 
00060/60 en-reve desktop/cold ok LCP=n/a 
Saved /Users/westbrook/Documents/repos/design-system/showcases/performance/runs/en-reve-main-startup-v1
/Users/westbrook/Documents/repos/design-system/showcases/performance/runs/en-reve-main-startup-v1/report.md
FINISH en-reve-main-startup-v1 {"suite":"startup","samples":"10","profiles":"desktop,mobile","caches":"cold","systems":"en-reve,fluent-web-components,web-awesome","seed":"20260923","id":"en-reve-main-startup-v1","startedAt":"2026-09-24T00:21:25.388Z","exitCode":0,"finishedAt":"2026-09-24T00:22:07.911Z","expected":60,"recorded":60,"successful":60,"failed":0,"complete":true}
START en-reve-main-interactions-v1 2026-09-24T00:22:07.915Z
RUN en-reve-main-interactions-v1: 60 serial samples
00001/60 web-awesome desktop/cold ok LCP=92.0 
00002/60 web-awesome mobile/cold ok LCP=596.0 
00003/60 en-reve mobile/cold ok LCP=640.0 
00004/60 en-reve desktop/cold ok LCP=96.0 
00005/60 fluent-web-components desktop/cold ok LCP=80.0 
00006/60 fluent-web-components mobile/cold ok LCP=508.0 
00007/60 en-reve mobile/cold ok LCP=652.0 
00008/60 en-reve desktop/cold ok LCP=100.0 
00009/60 fluent-web-components mobile/cold ok LCP=524.0 
00010/60 fluent-web-components desktop/cold ok LCP=80.0 
00011/60 web-awesome desktop/cold ok LCP=92.0 
00012/60 web-awesome mobile/cold ok LCP=584.0 
00013/60 en-reve desktop/cold ok LCP=116.0 
00014/60 web-awesome mobile/cold ok LCP=652.0 
00015/60 fluent-web-components desktop/cold ok LCP=84.0 
00016/60 fluent-web-components mobile/cold ok LCP=560.0 
00017/60 web-awesome desktop/cold ok LCP=104.0 
00018/60 en-reve mobile/cold ok LCP=676.0 
00019/60 fluent-web-components desktop/cold ok LCP=84.0 
00020/60 fluent-web-components mobile/cold ok LCP=540.0 
00021/60 web-awesome desktop/cold ok LCP=92.0 
00022/60 en-reve mobile/cold ok LCP=632.0 
00023/60 en-reve desktop/cold ok LCP=104.0 
00024/60 web-awesome mobile/cold ok LCP=696.0 
00025/60 web-awesome mobile/cold ok LCP=612.0 
00026/60 fluent-web-components desktop/cold ok LCP=80.0 
00027/60 web-awesome desktop/cold ok LCP=92.0 
00028/60 fluent-web-components mobile/cold ok LCP=524.0 
00029/60 en-reve mobile/cold ok LCP=648.0 
00030/60 en-reve desktop/cold ok LCP=104.0 
00031/60 en-reve desktop/cold ok LCP=108.0 
00032/60 fluent-web-components mobile/cold ok LCP=508.0 
00033/60 fluent-web-components desktop/cold ok LCP=88.0 
00034/60 web-awesome desktop/cold ok LCP=96.0 
00035/60 web-awesome mobile/cold ok LCP=648.0 
00036/60 en-reve mobile/cold ok LCP=652.0 
00037/60 fluent-web-components mobile/cold ok LCP=524.0 
00038/60 web-awesome desktop/cold ok LCP=92.0 
00039/60 web-awesome mobile/cold ok LCP=616.0 
00040/60 fluent-web-components desktop/cold ok LCP=88.0 
00041/60 en-reve mobile/cold ok LCP=672.0 
00042/60 en-reve desktop/cold ok LCP=104.0 
00043/60 fluent-web-components desktop/cold ok LCP=80.0 
00044/60 web-awesome desktop/cold ok LCP=92.0 
00045/60 web-awesome mobile/cold ok LCP=604.0 
00046/60 en-reve mobile/cold ok LCP=628.0 
00047/60 en-reve desktop/cold ok LCP=108.0 
00048/60 fluent-web-components mobile/cold ok LCP=524.0 
00049/60 fluent-web-components mobile/cold ok LCP=528.0 
00050/60 web-awesome mobile/cold ok LCP=596.0 
00051/60 en-reve desktop/cold ok LCP=100.0 
00052/60 fluent-web-components desktop/cold ok LCP=88.0 
00053/60 en-reve mobile/cold ok LCP=628.0 
00054/60 web-awesome desktop/cold ok LCP=96.0 
00055/60 web-awesome desktop/cold ok LCP=92.0 
00056/60 fluent-web-components mobile/cold ok LCP=516.0 
00057/60 fluent-web-components desktop/cold ok LCP=80.0 
00058/60 web-awesome mobile/cold ok LCP=596.0 
00059/60 en-reve mobile/cold ok LCP=636.0 
00060/60 en-reve desktop/cold ok LCP=100.0 
Saved /Users/westbrook/Documents/repos/design-system/showcases/performance/runs/en-reve-main-interactions-v1
/Users/westbrook/Documents/repos/design-system/showcases/performance/runs/en-reve-main-interactions-v1/report.md
FINISH en-reve-main-interactions-v1 {"suite":"interactions","samples":"10","profiles":"desktop,mobile","caches":"cold","systems":"en-reve,fluent-web-components,web-awesome","seed":"20260923","id":"en-reve-main-interactions-v1","startedAt":"2026-09-24T00:22:07.915Z","exitCode":0,"finishedAt":"2026-09-24T00:27:50.930Z","expected":60,"recorded":60,"successful":60,"failed":0,"complete":true}
START en-reve-main-lighthouse-v1 2026-09-24T00:27:50.950Z
00001/15 en-reve mobile ok
00002/15 web-awesome mobile ok
00003/15 fluent-web-components mobile ok
00004/15 fluent-web-components mobile ok
00005/15 en-reve mobile ok
00006/15 web-awesome mobile ok
00007/15 fluent-web-components mobile ok
00008/15 en-reve mobile ok
00009/15 web-awesome mobile ok
00010/15 en-reve mobile ok
00011/15 fluent-web-components mobile ok
00012/15 web-awesome mobile ok
00013/15 fluent-web-components mobile ok
00014/15 web-awesome mobile ok
00015/15 en-reve mobile ok
/Users/westbrook/Documents/repos/design-system/showcases/performance/runs/en-reve-main-lighthouse-v1/report.md
FINISH en-reve-main-lighthouse-v1 {"suite":"lighthouse","samples":"5","profiles":"mobile","caches":"cold","systems":"en-reve,fluent-web-components,web-awesome","seed":"20260923","id":"en-reve-main-lighthouse-v1","startedAt":"2026-09-24T00:27:50.950Z","exitCode":0,"finishedAt":"2026-09-24T00:31:41.173Z","expected":15,"recorded":15,"successful":15,"failed":0,"complete":true}
START en-reve-main-memory-v1 2026-09-24T00:31:41.174Z
RUN en-reve-main-memory-v1: 3 serial samples
00001/3 en-reve desktop/cold ok LCP=n/a 
00002/3 web-awesome desktop/cold ok LCP=n/a 
00003/3 fluent-web-components desktop/cold ok LCP=n/a 
Saved /Users/westbrook/Documents/repos/design-system/showcases/performance/runs/en-reve-main-memory-v1
/Users/westbrook/Documents/repos/design-system/showcases/performance/runs/en-reve-main-memory-v1/report.md
FINISH en-reve-main-memory-v1 {"suite":"memory","samples":"1","profiles":"desktop","caches":"cold","checkpoints":"0,10,50","systems":"en-reve,fluent-web-components,web-awesome","seed":"20260923","id":"en-reve-main-memory-v1","startedAt":"2026-09-24T00:31:41.174Z","exitCode":0,"finishedAt":"2026-09-24T00:35:46.240Z","expected":3,"recorded":3,"successful":3,"failed":0,"complete":true}
START en-reve-main-diagnostic-v1 2026-09-24T00:35:46.241Z
RUN en-reve-main-diagnostic-v1: 3 serial samples
00001/3 en-reve desktop/cold ok LCP=168.0 
00002/3 web-awesome desktop/cold ok LCP=120.0 
00003/3 fluent-web-components desktop/cold ok LCP=100.0 
Saved /Users/westbrook/Documents/repos/design-system/showcases/performance/runs/en-reve-main-diagnostic-v1
/Users/westbrook/Documents/repos/design-system/showcases/performance/runs/en-reve-main-diagnostic-v1/report.md
FINISH en-reve-main-diagnostic-v1 {"suite":"diagnostic","samples":"1","profiles":"desktop","caches":"cold","systems":"en-reve,fluent-web-components,web-awesome","seed":"20260923","id":"en-reve-main-diagnostic-v1","startedAt":"2026-09-24T00:35:46.241Z","exitCode":0,"finishedAt":"2026-09-24T00:36:04.309Z","expected":3,"recorded":3,"successful":3,"failed":0,"complete":true}
START en-reve-main-bfcache-v1 2026-09-24T00:36:04.310Z
RUN en-reve-main-bfcache-v1: 15 serial samples
00001/15 en-reve desktop/cold ok LCP=33.7 
00002/15 web-awesome desktop/cold ok LCP=42.4 
00003/15 fluent-web-components desktop/cold ok LCP=35.6 
00004/15 fluent-web-components desktop/cold ok LCP=41.6 
00005/15 en-reve desktop/cold ok LCP=31.8 
00006/15 web-awesome desktop/cold ok LCP=35.6 
00007/15 fluent-web-components desktop/cold ok LCP=27.9 
00008/15 en-reve desktop/cold ok LCP=60.0 
00009/15 web-awesome desktop/cold ok LCP=28.8 
00010/15 en-reve desktop/cold ok LCP=22.9 
00011/15 fluent-web-components desktop/cold ok LCP=27.0 
00012/15 web-awesome desktop/cold ok LCP=25.8 
00013/15 fluent-web-components desktop/cold ok LCP=32.2 
00014/15 web-awesome desktop/cold ok LCP=35.4 
00015/15 en-reve desktop/cold ok LCP=27.4 
Saved /Users/westbrook/Documents/repos/design-system/showcases/performance/runs/en-reve-main-bfcache-v1
/Users/westbrook/Documents/repos/design-system/showcases/performance/runs/en-reve-main-bfcache-v1/report.md
FINISH en-reve-main-bfcache-v1 {"suite":"bfcache","samples":"5","profiles":"desktop","caches":"cold","systems":"en-reve,fluent-web-components,web-awesome","seed":"20260923","id":"en-reve-main-bfcache-v1","startedAt":"2026-09-24T00:36:04.310Z","exitCode":0,"finishedAt":"2026-09-24T00:36:49.846Z","expected":15,"recorded":15,"successful":15,"failed":0,"complete":true}
START en-reve-main-overhead-v1 2026-09-24T00:36:49.847Z
RUN en-reve-main-overhead-v1: 30 serial samples
00001/30 web-awesome desktop/cold ok LCP=n/a 
00002/30 web-awesome desktop/cold ok LCP=88.0 
00003/30 en-reve desktop/cold ok LCP=104.0 
00004/30 en-reve desktop/cold ok LCP=n/a 
00005/30 fluent-web-components desktop/cold ok LCP=n/a 
00006/30 fluent-web-components desktop/cold ok LCP=80.0 
00007/30 en-reve desktop/cold ok LCP=104.0 
00008/30 en-reve desktop/cold ok LCP=n/a 
00009/30 fluent-web-components desktop/cold ok LCP=80.0 
00010/30 fluent-web-components desktop/cold ok LCP=n/a 
00011/30 web-awesome desktop/cold ok LCP=n/a 
00012/30 web-awesome desktop/cold ok LCP=92.0 
00013/30 en-reve desktop/cold ok LCP=n/a 
00014/30 web-awesome desktop/cold ok LCP=108.0 
00015/30 fluent-web-components desktop/cold ok LCP=n/a 
00016/30 fluent-web-components desktop/cold ok LCP=88.0 
00017/30 web-awesome desktop/cold ok LCP=n/a 
00018/30 en-reve desktop/cold ok LCP=108.0 
00019/30 fluent-web-components desktop/cold ok LCP=n/a 
00020/30 fluent-web-components desktop/cold ok LCP=100.0 
00021/30 web-awesome desktop/cold ok LCP=n/a 
00022/30 en-reve desktop/cold ok LCP=104.0 
00023/30 en-reve desktop/cold ok LCP=n/a 
00024/30 web-awesome desktop/cold ok LCP=100.0 
00025/30 web-awesome desktop/cold ok LCP=100.0 
00026/30 fluent-web-components desktop/cold ok LCP=n/a 
00027/30 web-awesome desktop/cold ok LCP=n/a 
00028/30 fluent-web-components desktop/cold ok LCP=88.0 
00029/30 en-reve desktop/cold ok LCP=120.0 
00030/30 en-reve desktop/cold ok LCP=n/a 
Saved /Users/westbrook/Documents/repos/design-system/showcases/performance/runs/en-reve-main-overhead-v1
/Users/westbrook/Documents/repos/design-system/showcases/performance/runs/en-reve-main-overhead-v1/report.md
FINISH en-reve-main-overhead-v1 {"suite":"overhead","samples":"5","profiles":"desktop","caches":"cold","systems":"en-reve,fluent-web-components,web-awesome","seed":"20260923","id":"en-reve-main-overhead-v1","startedAt":"2026-09-24T00:36:49.847Z","exitCode":0,"finishedAt":"2026-09-24T00:37:45.428Z","expected":30,"recorded":30,"successful":30,"failed":0,"complete":true}
CAMPAIGNS COMPLETE complete
