fluent-web-components journey initial nodes=2887 date=28
fluent-web-components journey after-journey nodes=2889 date=28
en-reve journey initial nodes=4667 date=628
en-reve journey after-journey nodes=4668 date=628
web-awesome journey initial nodes=4210 date=28
web-awesome journey after-journey nodes=4212 date=28
fluent-web-components journey initial nodes=2887 date=28
fluent-web-components journey after-journey nodes=2889 date=28
en-reve journey initial nodes=4667 date=628
en-reve journey after-journey nodes=4668 date=628
web-awesome journey initial nodes=4210 date=28
web-awesome journey after-journey nodes=4212 date=28
fluent-web-components journey initial nodes=2887 date=28
fluent-web-components journey after-journey nodes=2889 date=28
en-reve journey initial nodes=4667 date=628
en-reve journey after-journey nodes=4668 date=628
web-awesome journey initial nodes=4210 date=28
web-awesome journey after-journey nodes=4212 date=28
en-reve date initial nodes=4667 date=628
en-reve date date-open nodes=4667 date=628
en-reve date date-closed nodes=4667 date=628
en-reve date initial nodes=4667 date=628
en-reve date date-open nodes=4667 date=628
en-reve date date-closed nodes=4667 date=628
en-reve date initial nodes=4667 date=628
en-reve date date-open nodes=4667 date=628
en-reve date date-closed nodes=4667 date=628
fluent-web-components initial-only initial nodes=2887 date=28
en-reve initial-only initial nodes=4667 date=628
web-awesome initial-only initial nodes=4210 date=28
{
  "directory": "/Users/westbrook/Documents/repos/design-system/showcases/performance/runs/en-reve-main-dom-v1",
  "snapshots": 30,
  "failures": 0
}

[
  [ 'fluent-web-components', 2887 ],
  [ 'en-reve', 4667 ],
  [ 'web-awesome', 4210 ]
]
/Users/westbrook/Documents/repos/design-system/showcases/performance/runs/en-reve-main-diagnostic-v1/diagnostics-summary.json
{
  "status": "complete",
  "coverageIssues": [],
  "tables": 56,
  "rows": 250,
  "domStatus": "30 successful / 0 failed snapshots",
  "standalone": "/Users/westbrook/Documents/repos/design-system/plans/native-showcase-en-reve-main-results.md",
  "integrated": false
}

