Updating 220d2dd3..6d09b31c
Created autostash: f917b085
Fast-forward
 apps/docs/tests/command-family.spec.ts             |    27 +-
 apps/docs/tests/workflows.spec.ts                  |    54 +-
 artifacts/main-integration/README.md               |    49 +
 artifacts/main-integration/activation-library.log  |    22 +
 artifacts/main-integration/activation.log          |    61 +
 .../cascade-controls-final/playwright.json         |  1246 +
 .../cascade-controls-final/traces/.last-run.json   |     4 +
 artifacts/main-integration/checksums.json          |   800 +
 artifacts/main-integration/collect-final.py        |    16 +
 artifacts/main-integration/context.log             |   169 +
 .../controls-qualification-runner.log              |     1 +
 .../css-authoring-controls-review.log              |    53 +
 .../main-integration/final-source-identity.json    |     6 +
 .../main-integration/frozen-verification.json      |    97 +
 artifacts/main-integration/hydration.log           |    59 +
 artifacts/main-integration/lazy-final.log          |     5 +
 artifacts/main-integration/lazy.log                |    82 +
 .../main-integration/metadata-reproducibility.json |    46 +
 .../number-field-cascade-diagnosis.json            |   291 +
 .../original-worktree-preserved.json               |     8 +
 .../performance-controls-v2/analysis.json          |  4780 +++
 .../performance-controls-v2/asset-inventory.json   |   149 +
 .../performance-controls-v2/budget-check.json      |  1032 +
 .../performance-controls-v2/budgets.json           |    11 +
 .../campaign-adaptation.json                       |    26 +
 .../campaign-qualification.mjs                     |    62 +
 .../performance-controls-v2/campaign.mjs           |    62 +
 .../packages/elements/src/date-picker-shell.ts     |    16 +
 .../packages/elements/src/date-picker/README.md    |   127 +
 .../packages/elements/src/date-picker/element.ts   |   354 +
 .../src/date-picker/tests/deferred.test.mjs        |    19 +
 .../elements/src/definitions/date-picker.ts        |    17 +
 .../elements/src/internal/date-picker-feature.ts   |    22 +
 .../packages/styles/src/controls.ts                |   395 +
 .../tooling/metadata/public-policy.ts              |    19 +
 .../performance-controls-v2/candidate/build.log    |    21 +
 .../candidate/cold/build.log                       |    11 +
 .../candidate/cold/receipt.json                    |    50 +
 .../cold/site/assets/calendar-CNWgEN4s.js          |    69 +
 .../candidate/cold/site/assets/icon-B6iW_Bey.js    |   493 +
 .../candidate/cold/site/assets/index-B2gGqhxG.js   |   697 +
 .../candidate/cold/site/index.html                 |     3 +
 .../candidate/dom/build.log                        |    11 +
 .../candidate/dom/receipt.json                     |    50 +
 .../candidate/dom/site/assets/calendar-BNjT1Q2O.js |   561 +
 .../candidate/dom/site/assets/calendar-DfLuzkZB.js |     1 +
 .../candidate/dom/site/assets/index-BwJulNaa.js    |   697 +
 .../candidate/dom/site/index.html                  |     3 +
 .../candidate/eager/build.log                      |    11 +
 .../candidate/eager/receipt.json                   |    50 +
 .../eager/site/assets/calendar-BNjT1Q2O.js         |   561 +
 .../eager/site/assets/calendar-DfLuzkZB.js         |     1 +
 .../candidate/eager/site/assets/index-DdCjtHnZ.js  |   697 +
 .../candidate/eager/site/index.html                |     3 +
 .../candidate/intent/build.log                     |    11 +
 .../candidate/intent/receipt.json                  |    50 +
 .../intent/site/assets/calendar-CNWgEN4s.js        |    69 +
 .../candidate/intent/site/assets/icon-B6iW_Bey.js  |   493 +
 .../candidate/intent/site/assets/index-C4Wab8mI.js |   697 +
 .../candidate/intent/site/index.html               |     3 +
 .../performance-controls-v2/candidate/metadata.log |    25 +
 .../candidate/packed/en-reve-elements-0.1.0.tgz    |   Bin 0 -> 1233089 bytes
 .../candidate/packed/en-reve-primitives-0.1.0.tgz  |   Bin 0 -> 158835 bytes
 .../candidate/packed/en-reve-ssr-0.1.0.tgz         |   Bin 0 -> 54725 bytes
 .../candidate/packed/en-reve-styles-0.1.0.tgz      |   Bin 0 -> 150732 bytes
 .../candidate/packed/en-reve-tokens-0.1.0.tgz      |   Bin 0 -> 452243 bytes
 .../candidate/route/build.log                      |    11 +
 .../candidate/route/receipt.json                   |    50 +
 .../route/site/assets/calendar-CNWgEN4s.js         |    69 +
 .../candidate/route/site/assets/icon-B6iW_Bey.js   |   493 +
 .../candidate/route/site/assets/index-D_VO5Czr.js  |   697 +
 .../candidate/route/site/index.html                |     3 +
 .../performance-controls-v2/candidate/stage.txt    |     1 +
 .../performance-controls-v2/commands.txt           |    11 +
 .../committed-source-binding.json                  |  3600 ++
 .../comparison-9aceecb406c6.html                   |  4223 +++
 .../performance-controls-v2/css-only-analysis.json |  1616 +
 .../performance-controls-v2/final-cold.log         |   570 +
 .../final-cold/manifest.json                       |  5898 +++
 .../final-cold/samples.jsonl                       |   570 +
 .../final-cold/started.json                        |     1 +
 .../final-cold/summary.json                        |    10 +
 .../performance-controls-v2/kickoffs.md            |   205 +
 .../performance-controls-v2/package-diff.json      |    40 +
 .../parent/eager/receipt.json                      |    40 +
 .../parent/eager/site/assets/index-C8FB6sSl.js     |  1255 +
 .../parent/eager/site/index.html                   |     2 +
 .../parent/packed/en-reve-elements-0.1.0.tgz       |   Bin 0 -> 1225027 bytes
 .../parent/packed/en-reve-primitives-0.1.0.tgz     |   Bin 0 -> 158836 bytes
 .../parent/packed/en-reve-ssr-0.1.0.tgz            |   Bin 0 -> 54725 bytes
 .../parent/packed/en-reve-styles-0.1.0.tgz         |   Bin 0 -> 150635 bytes
 .../parent/packed/en-reve-tokens-0.1.0.tgz         |   Bin 0 -> 452243 bytes
 .../performance-controls-v2/prepare-candidate.py   |    53 +
 .../performance-controls-v2/prepare.log            |  2825 ++
 .../performance-controls-v2/protocol-targeted.md   |    11 +
 .../qualification-local-server.log                 |    36 +
 .../qualification-local-server/manifest.json       |   558 +
 .../qualification-local-server/samples.jsonl       |    36 +
 .../qualification-local-server/started.json        |     1 +
 .../qualification-local-server/summary.json        |    10 +
 .../qualification-policy.json                      |     4 +
 .../qualification-summary.json                     |    41 +
 .../performance-controls-v2/qualification.log      |    19 +
 .../qualification/manifest.json                    |   558 +
 .../qualification/started.json                     |     1 +
 .../performance-controls-v2/report-provider.json   |     9 +
 .../report-verification.json                       |    41 +
 .../performance-controls-v2/report.json            |     4 +
 .../sealed/dom/receipt.json                        |    50 +
 .../sealed/dom/site/assets/calendar-BNjT1Q2O.js    |   561 +
 .../sealed/dom/site/assets/calendar-DfLuzkZB.js    |     1 +
 .../sealed/dom/site/assets/index-D1eRiCRX.js       |   697 +
 .../sealed/dom/site/index.html                     |     3 +
 .../sealed/packed/en-reve-elements-0.1.0.tgz       |   Bin 0 -> 1233102 bytes
 .../sealed/packed/en-reve-primitives-0.1.0.tgz     |   Bin 0 -> 158836 bytes
 .../sealed/packed/en-reve-ssr-0.1.0.tgz            |   Bin 0 -> 54725 bytes
 .../sealed/packed/en-reve-styles-0.1.0.tgz         |   Bin 0 -> 150635 bytes
 .../sealed/packed/en-reve-tokens-0.1.0.tgz         |   Bin 0 -> 452243 bytes
 .../performance-controls-v2/source-identity.json   |    43 +
 .../performance-controls-v2/summarize.py           |    72 +
 .../performance-controls-v2/table-helper.py        |     8 +
 .../performance-controls-v2/timing-clearance.json  |     6 +
 .../performance-controls-v2/verify-report.mjs      |    41 +
 artifacts/main-integration/qualification.json      |   151 +
 artifacts/main-integration/qualify-controls.sh     |    12 +
 artifacts/main-integration/registry-ssr-node.log   |    84 +
 .../release-controls-final/api.log                 |  1382 +
 .../release-controls-final/build.log               |   679 +
 .../release-controls-final/commands.log            |   146 +
 .../commands/playwright.json                       |  5546 +++
 .../release-controls-final/customization.log       |     5 +
 .../release-controls-final/geometry.log            |   154 +
 .../release-controls-final/geometry/.last-run.json |     4 +
 .../geometry/playwright.json                       |  2802 ++
 .../release-controls-final/transactions-unit.log   |    48 +
 .../release-controls-final/verification.json       |    99 +
 artifacts/main-integration/scoped.log              |   119 +
 artifacts/main-integration/seal-integration.py     |    21 +
 artifacts/main-integration/seal.json               |    18 +
 .../theme-final/built-controls-identity.json       |     8 +
 .../theme-final/candidate-contrast.log             |     1 +
 .../main-integration/theme-final/candidates.log    |    77 +
 .../theme-final/candidates/playwright.json         |  2603 ++
 artifacts/main-integration/theme-final/cascade.log |   100 +
 .../theme-final/cascade/playwright.json            |  1246 +
 .../main-integration/theme-final/catalog-parts.log |   667 +
 .../main-integration/theme-final/composition.log   |   283 +
 .../theme-final/composition/playwright.json        |  3302 ++
 .../main-integration/theme-final/customization.log |     1 +
 artifacts/main-integration/theme-final/docs.log    |   155 +
 .../theme-final/docs/playwright.json               |  4567 +++
 .../main-integration/theme-final/properties.log    |     4 +
 .../theme-final/properties/results.json            | 36956 +++++++++++++++++++
 .../main-integration/theme-final/results.json      |   164 +
 artifacts/main-integration/theme-final/scopes.log  |     1 +
 .../theme-final/scopes/results.json                |   566 +
 artifacts/main-integration/theme-final/states.log  |    88 +
 .../theme-final/states/playwright.json             |  1144 +
 artifacts/main-integration/theme-final/unit.log    |   222 +
 artifacts/main-integration/types-final.log         |     5 +
 artifacts/main-integration/verify-frozen.py        |    24 +
 .../workflows-final/artifacts/.last-run.json       |     4 +
 .../workflows-final/playwright.json                |  7044 ++++
 package.json                                       |     2 +-
 packages/elements/custom-elements.json             |   642 +-
 .../elements/custom-elements.json.receipt.json     |   179 +-
 packages/elements/public-api.json                  |   354 +-
 packages/styles/src/controls.ts                    |     6 +-
 plans/scoped-custom-element-registries.md          |    33 +-
 plans/scoped-registry-followup-kickoffs.md         |   205 +
 plans/scoped-registry-phase-6-results.md           |    45 +-
 probes/api-contracts/parts.spec.ts                 |    27 +-
 tooling/css-authoring/README.md                    |     2 +-
 .../css-authoring/fixtures/consumer-baseline.json  |    19 +-
 tooling/customization/evidence/coverage.json       |   416 +-
 tooling/customization/evidence/coverage.md         |   190 +-
 tooling/metadata/event-contracts.ts                |     6 +-
 tooling/metadata/generate.ts                       |     6 +-
 tooling/metadata/generator-identity.ts             |     2 +-
 tooling/metadata/metadata.test.ts                  |    62 +
 tooling/metadata/type-text.ts                      |    30 +
 tooling/releases/source-identity.mjs               |    62 +
 tooling/releases/source-identity.test.mjs          |    68 +
 tooling/releases/verify.mjs                        |    15 +-
 184 files changed, 112502 insertions(+), 950 deletions(-)
 create mode 100644 artifacts/main-integration/README.md
 create mode 100644 artifacts/main-integration/activation-library.log
 create mode 100644 artifacts/main-integration/activation.log
 create mode 100644 artifacts/main-integration/cascade-controls-final/playwright.json
 create mode 100644 artifacts/main-integration/cascade-controls-final/traces/.last-run.json
 create mode 100644 artifacts/main-integration/checksums.json
 create mode 100644 artifacts/main-integration/collect-final.py
 create mode 100644 artifacts/main-integration/context.log
 create mode 100644 artifacts/main-integration/controls-qualification-runner.log
 create mode 100644 artifacts/main-integration/css-authoring-controls-review.log
 create mode 100644 artifacts/main-integration/final-source-identity.json
 create mode 100644 artifacts/main-integration/frozen-verification.json
 create mode 100644 artifacts/main-integration/hydration.log
 create mode 100644 artifacts/main-integration/lazy-final.log
 create mode 100644 artifacts/main-integration/lazy.log
 create mode 100644 artifacts/main-integration/metadata-reproducibility.json
 create mode 100644 artifacts/main-integration/number-field-cascade-diagnosis.json
 create mode 100644 artifacts/main-integration/original-worktree-preserved.json
 create mode 100644 artifacts/main-integration/performance-controls-v2/analysis.json
 create mode 100644 artifacts/main-integration/performance-controls-v2/asset-inventory.json
 create mode 100644 artifacts/main-integration/performance-controls-v2/budget-check.json
 create mode 100644 artifacts/main-integration/performance-controls-v2/budgets.json
 create mode 100644 artifacts/main-integration/performance-controls-v2/campaign-adaptation.json
 create mode 100644 artifacts/main-integration/performance-controls-v2/campaign-qualification.mjs
 create mode 100644 artifacts/main-integration/performance-controls-v2/campaign.mjs
 create mode 100644 artifacts/main-integration/performance-controls-v2/candidate-source/packages/elements/src/date-picker-shell.ts
 create mode 100644 artifacts/main-integration/performance-controls-v2/candidate-source/packages/elements/src/date-picker/README.md
 create mode 100644 artifacts/main-integration/performance-controls-v2/candidate-source/packages/elements/src/date-picker/element.ts
 create mode 100644 artifacts/main-integration/performance-controls-v2/candidate-source/packages/elements/src/date-picker/tests/deferred.test.mjs
 create mode 100644 artifacts/main-integration/performance-controls-v2/candidate-source/packages/elements/src/definitions/date-picker.ts
 create mode 100644 artifacts/main-integration/performance-controls-v2/candidate-source/packages/elements/src/internal/date-picker-feature.ts
 create mode 100644 artifacts/main-integration/performance-controls-v2/candidate-source/packages/styles/src/controls.ts
 create mode 100644 artifacts/main-integration/performance-controls-v2/candidate-source/tooling/metadata/public-policy.ts
 create mode 100644 artifacts/main-integration/performance-controls-v2/candidate/build.log
 create mode 100644 artifacts/main-integration/performance-controls-v2/candidate/cold/build.log
 create mode 100644 artifacts/main-integration/performance-controls-v2/candidate/cold/receipt.json
 create mode 100644 artifacts/main-integration/performance-controls-v2/candidate/cold/site/assets/calendar-CNWgEN4s.js
 create mode 100644 artifacts/main-integration/performance-controls-v2/candidate/cold/site/assets/icon-B6iW_Bey.js
 create mode 100644 artifacts/main-integration/performance-controls-v2/candidate/cold/site/assets/index-B2gGqhxG.js
 create mode 100644 artifacts/main-integration/performance-controls-v2/candidate/cold/site/index.html
 create mode 100644 artifacts/main-integration/performance-controls-v2/candidate/dom/build.log
 create mode 100644 artifacts/main-integration/performance-controls-v2/candidate/dom/receipt.json
 create mode 100644 artifacts/main-integration/performance-controls-v2/candidate/dom/site/assets/calendar-BNjT1Q2O.js
 create mode 100644 artifacts/main-integration/performance-controls-v2/candidate/dom/site/assets/calendar-DfLuzkZB.js
 create mode 100644 artifacts/main-integration/performance-controls-v2/candidate/dom/site/assets/index-BwJulNaa.js
 create mode 100644 artifacts/main-integration/performance-controls-v2/candidate/dom/site/index.html
 create mode 100644 artifacts/main-integration/performance-controls-v2/candidate/eager/build.log
 create mode 100644 artifacts/main-integration/performance-controls-v2/candidate/eager/receipt.json
 create mode 100644 artifacts/main-integration/performance-controls-v2/candidate/eager/site/assets/calendar-BNjT1Q2O.js
 create mode 100644 artifacts/main-integration/performance-controls-v2/candidate/eager/site/assets/calendar-DfLuzkZB.js
 create mode 100644 artifacts/main-integration/performance-controls-v2/candidate/eager/site/assets/index-DdCjtHnZ.js
 create mode 100644 artifacts/main-integration/performance-controls-v2/candidate/eager/site/index.html
 create mode 100644 artifacts/main-integration/performance-controls-v2/candidate/intent/build.log
 create mode 100644 artifacts/main-integration/performance-controls-v2/candidate/intent/receipt.json
 create mode 100644 artifacts/main-integration/performance-controls-v2/candidate/intent/site/assets/calendar-CNWgEN4s.js
 create mode 100644 artifacts/main-integration/performance-controls-v2/candidate/intent/site/assets/icon-B6iW_Bey.js
 create mode 100644 artifacts/main-integration/performance-controls-v2/candidate/intent/site/assets/index-C4Wab8mI.js
 create mode 100644 artifacts/main-integration/performance-controls-v2/candidate/intent/site/index.html
 create mode 100644 artifacts/main-integration/performance-controls-v2/candidate/metadata.log
 create mode 100644 artifacts/main-integration/performance-controls-v2/candidate/packed/en-reve-elements-0.1.0.tgz
 create mode 100644 artifacts/main-integration/performance-controls-v2/candidate/packed/en-reve-primitives-0.1.0.tgz
 create mode 100644 artifacts/main-integration/performance-controls-v2/candidate/packed/en-reve-ssr-0.1.0.tgz
 create mode 100644 artifacts/main-integration/performance-controls-v2/candidate/packed/en-reve-styles-0.1.0.tgz
 create mode 100644 artifacts/main-integration/performance-controls-v2/candidate/packed/en-reve-tokens-0.1.0.tgz
 create mode 100644 artifacts/main-integration/performance-controls-v2/candidate/route/build.log
 create mode 100644 artifacts/main-integration/performance-controls-v2/candidate/route/receipt.json
 create mode 100644 artifacts/main-integration/performance-controls-v2/candidate/route/site/assets/calendar-CNWgEN4s.js
 create mode 100644 artifacts/main-integration/performance-controls-v2/candidate/route/site/assets/icon-B6iW_Bey.js
 create mode 100644 artifacts/main-integration/performance-controls-v2/candidate/route/site/assets/index-D_VO5Czr.js
 create mode 100644 artifacts/main-integration/performance-controls-v2/candidate/route/site/index.html
 create mode 100644 artifacts/main-integration/performance-controls-v2/candidate/stage.txt
 create mode 100644 artifacts/main-integration/performance-controls-v2/commands.txt
 create mode 100644 artifacts/main-integration/performance-controls-v2/committed-source-binding.json
 create mode 100644 artifacts/main-integration/performance-controls-v2/comparison-9aceecb406c6.html
 create mode 100644 artifacts/main-integration/performance-controls-v2/css-only-analysis.json
 create mode 100644 artifacts/main-integration/performance-controls-v2/final-cold.log
 create mode 100644 artifacts/main-integration/performance-controls-v2/final-cold/manifest.json
 create mode 100644 artifacts/main-integration/performance-controls-v2/final-cold/samples.jsonl
 create mode 100644 artifacts/main-integration/performance-controls-v2/final-cold/started.json
 create mode 100644 artifacts/main-integration/performance-controls-v2/final-cold/summary.json
 create mode 100644 artifacts/main-integration/performance-controls-v2/kickoffs.md
 create mode 100644 artifacts/main-integration/performance-controls-v2/package-diff.json
 create mode 100644 artifacts/main-integration/performance-controls-v2/parent/eager/receipt.json
 create mode 100644 artifacts/main-integration/performance-controls-v2/parent/eager/site/assets/index-C8FB6sSl.js
 create mode 100644 artifacts/main-integration/performance-controls-v2/parent/eager/site/index.html
 create mode 100644 artifacts/main-integration/performance-controls-v2/parent/packed/en-reve-elements-0.1.0.tgz
 create mode 100644 artifacts/main-integration/performance-controls-v2/parent/packed/en-reve-primitives-0.1.0.tgz
 create mode 100644 artifacts/main-integration/performance-controls-v2/parent/packed/en-reve-ssr-0.1.0.tgz
 create mode 100644 artifacts/main-integration/performance-controls-v2/parent/packed/en-reve-styles-0.1.0.tgz
 create mode 100644 artifacts/main-integration/performance-controls-v2/parent/packed/en-reve-tokens-0.1.0.tgz
 create mode 100644 artifacts/main-integration/performance-controls-v2/prepare-candidate.py
 create mode 100644 artifacts/main-integration/performance-controls-v2/prepare.log
 create mode 100644 artifacts/main-integration/performance-controls-v2/protocol-targeted.md
 create mode 100644 artifacts/main-integration/performance-controls-v2/qualification-local-server.log
 create mode 100644 artifacts/main-integration/performance-controls-v2/qualification-local-server/manifest.json
 create mode 100644 artifacts/main-integration/performance-controls-v2/qualification-local-server/samples.jsonl
 create mode 100644 artifacts/main-integration/performance-controls-v2/qualification-local-server/started.json
 create mode 100644 artifacts/main-integration/performance-controls-v2/qualification-local-server/summary.json
 create mode 100644 artifacts/main-integration/performance-controls-v2/qualification-policy.json
 create mode 100644 artifacts/main-integration/performance-controls-v2/qualification-summary.json
 create mode 100644 artifacts/main-integration/performance-controls-v2/qualification.log
 create mode 100644 artifacts/main-integration/performance-controls-v2/qualification/manifest.json
 create mode 100644 artifacts/main-integration/performance-controls-v2/qualification/started.json
 create mode 100644 artifacts/main-integration/performance-controls-v2/report-provider.json
 create mode 100644 artifacts/main-integration/performance-controls-v2/report-verification.json
 create mode 100644 artifacts/main-integration/performance-controls-v2/report.json
 create mode 100644 artifacts/main-integration/performance-controls-v2/sealed/dom/receipt.json
 create mode 100644 artifacts/main-integration/performance-controls-v2/sealed/dom/site/assets/calendar-BNjT1Q2O.js
 create mode 100644 artifacts/main-integration/performance-controls-v2/sealed/dom/site/assets/calendar-DfLuzkZB.js
 create mode 100644 artifacts/main-integration/performance-controls-v2/sealed/dom/site/assets/index-D1eRiCRX.js
 create mode 100644 artifacts/main-integration/performance-controls-v2/sealed/dom/site/index.html
 create mode 100644 artifacts/main-integration/performance-controls-v2/sealed/packed/en-reve-elements-0.1.0.tgz
 create mode 100644 artifacts/main-integration/performance-controls-v2/sealed/packed/en-reve-primitives-0.1.0.tgz
 create mode 100644 artifacts/main-integration/performance-controls-v2/sealed/packed/en-reve-ssr-0.1.0.tgz
 create mode 100644 artifacts/main-integration/performance-controls-v2/sealed/packed/en-reve-styles-0.1.0.tgz
 create mode 100644 artifacts/main-integration/performance-controls-v2/sealed/packed/en-reve-tokens-0.1.0.tgz
 create mode 100644 artifacts/main-integration/performance-controls-v2/source-identity.json
 create mode 100644 artifacts/main-integration/performance-controls-v2/summarize.py
 create mode 100644 artifacts/main-integration/performance-controls-v2/table-helper.py
 create mode 100644 artifacts/main-integration/performance-controls-v2/timing-clearance.json
 create mode 100644 artifacts/main-integration/performance-controls-v2/verify-report.mjs
 create mode 100644 artifacts/main-integration/qualification.json
 create mode 100644 artifacts/main-integration/qualify-controls.sh
 create mode 100644 artifacts/main-integration/registry-ssr-node.log
 create mode 100644 artifacts/main-integration/release-controls-final/api.log
 create mode 100644 artifacts/main-integration/release-controls-final/build.log
 create mode 100644 artifacts/main-integration/release-controls-final/commands.log
 create mode 100644 artifacts/main-integration/release-controls-final/commands/playwright.json
 create mode 100644 artifacts/main-integration/release-controls-final/customization.log
 create mode 100644 artifacts/main-integration/release-controls-final/geometry.log
 create mode 100644 artifacts/main-integration/release-controls-final/geometry/.last-run.json
 create mode 100644 artifacts/main-integration/release-controls-final/geometry/playwright.json
 create mode 100644 artifacts/main-integration/release-controls-final/transactions-unit.log
 create mode 100644 artifacts/main-integration/release-controls-final/verification.json
 create mode 100644 artifacts/main-integration/scoped.log
 create mode 100644 artifacts/main-integration/seal-integration.py
 create mode 100644 artifacts/main-integration/seal.json
 create mode 100644 artifacts/main-integration/theme-final/built-controls-identity.json
 create mode 100644 artifacts/main-integration/theme-final/candidate-contrast.log
 create mode 100644 artifacts/main-integration/theme-final/candidates.log
 create mode 100644 artifacts/main-integration/theme-final/candidates/playwright.json
 create mode 100644 artifacts/main-integration/theme-final/cascade.log
 create mode 100644 artifacts/main-integration/theme-final/cascade/playwright.json
 create mode 100644 artifacts/main-integration/theme-final/catalog-parts.log
 create mode 100644 artifacts/main-integration/theme-final/composition.log
 create mode 100644 artifacts/main-integration/theme-final/composition/playwright.json
 create mode 100644 artifacts/main-integration/theme-final/customization.log
 create mode 100644 artifacts/main-integration/theme-final/docs.log
 create mode 100644 artifacts/main-integration/theme-final/docs/playwright.json
 create mode 100644 artifacts/main-integration/theme-final/properties.log
 create mode 100644 artifacts/main-integration/theme-final/properties/results.json
 create mode 100644 artifacts/main-integration/theme-final/results.json
 create mode 100644 artifacts/main-integration/theme-final/scopes.log
 create mode 100644 artifacts/main-integration/theme-final/scopes/results.json
 create mode 100644 artifacts/main-integration/theme-final/states.log
 create mode 100644 artifacts/main-integration/theme-final/states/playwright.json
 create mode 100644 artifacts/main-integration/theme-final/unit.log
 create mode 100644 artifacts/main-integration/types-final.log
 create mode 100644 artifacts/main-integration/verify-frozen.py
 create mode 100644 artifacts/main-integration/workflows-final/artifacts/.last-run.json
 create mode 100644 artifacts/main-integration/workflows-final/playwright.json
 create mode 100644 plans/scoped-registry-followup-kickoffs.md
 create mode 100644 tooling/metadata/type-text.ts
 create mode 100644 tooling/releases/source-identity.mjs
 create mode 100644 tooling/releases/source-identity.test.mjs
Applying autostash resulted in conflicts.
Your changes are safe in the stash.
You can run "git stash pop" or "git stash drop" at any time.
